jh3v7t@jh3v7t-VirtualBox:~$ pwd
/home/jh3v7t
jh3v7t@jh3v7t-VirtualBox:~$ cd /
jh3v7t@jh3v7t-VirtualBox:/$ pwd
/
jh3v7t@jh3v7t-VirtualBox:/$ cd /home
jh3v7t@jh3v7t-VirtualBox:/home$ cd /root
bash: cd: /root: Permission denied
jh3v7t@jh3v7t-VirtualBox:/home$ cd /etc
jh3v7t@jh3v7t-VirtualBox:/etc$ cd ..
jh3v7t@jh3v7t-VirtualBox:/$ pwd
/
jh3v7t@jh3v7t-VirtualBox:/$ ls
bin  boot  cdrom  dev  etc  home  lib  lib32  lib64  libx32  lost+found  media  mnt  opt  proc  root  run  sbin  srv  swapfile  sys  tmp  usr  var
jh3v7t@jh3v7t-VirtualBox:/$ ls /etc
acpi                           crontab               group            ld.so.conf.d    netconfig            rc2.d              sudo_logsrvd.conf
adduser.conf                   cron.weekly           group-           legal           netplan              rc3.d              sysctl.conf
adjtime                        cryptsetup-initramfs  grub.d           libao.conf      network              rc4.d              sysctl.d
alsa                           cups                  gshadow          libaudit.conf   networkd-dispatcher  rc5.d              systemd
alternatives                   cupshelpers           gshadow-         libblockdev     NetworkManager       rc6.d              terminfo
anacrontab                     dbus-1                gss              libnl-3         networks             rcS.d              thermald
apg.conf                       dconf                 gtk-2.0          libpaper.d      newt                 request-key.conf   thunderbird
apm                            debconf.conf          gtk-3.0          libreoffice     nftables.conf        request-key.d      timeshift
apparmor                       debian_version        guest-session    lightdm         nsswitch.conf        resolv.conf        timezone
apparmor.d                     default               gufw             linuxmint       openal               rmt                timidity
apport                         deluser.conf          hdparm.conf      locale.alias    openni2              rpc                tmpfiles.d
appstream.conf                 depmod.d              host.conf        locale.gen      openvpn              rsyslog.conf       ucf.conf
apt                            dhcp                  hostid           localtime       opt                  rsyslog.d          udev
avahi                          dictionaries-common   hostname         logcheck        os-release           samba              udisks2
bash.bashrc                    dkms                  hosts            login.defs      PackageKit           sane.d             ufw
bash_completion                doc-base              hosts.allow      logrotate.conf  pam.conf             security           updatedb.conf
bash_completion.d              dpkg                  hosts.deny       logrotate.d     pam.d                selinux            update-motd.d
bindresvport.blacklist         e2scrub.conf          hp               lsb-release     papersize            sensors3.conf      UPower
binfmt.d                       emacs                 ifplugd          ltrace.conf     passwd               sensors.d          upstream-release
bluetooth                      environment           ImageMagick-6    lvm             passwd-              services           usb_modeswitch.conf
brlapi.key                     environment.d         init             machine-id      pcmcia               sgml               usb_modeswitch.d
brltty                         ethertypes            init.d           magic           perl                 shadow             vdpau_wrapper.cfg
brltty.conf                    firefox               initramfs-tools  magic.mime      pki                  shadow-            vim
ca-certificates                fonts                 inputrc          mailcap         pm                   shells             vmware-tools
ca-certificates.conf           fprintd.conf          inxi.conf        mailcap.order   pnm2ppa.conf         skel               vtrgb
ca-certificates.conf.dpkg-old  fstab                 ipp-usb          manpath.config  polkit-1             snmp               vulkan
casper.conf                    fuse.conf             iproute2         mc              ppp                  speech-dispatcher  wgetrc
catdocrc                       fwupd                 issue            mime.types      printcap             ssh                wpa_supplicant
chatscripts                    gai.conf              issue.net        mke2fs.conf     profile              ssl                X11
cifs-utils                     gdb                   java-11-openjdk  ModemManager    profile.d            subgid             xattr.conf
console-setup                  geoclue               kernel           modprobe.d      protocols            subgid-            xdg
cracklib                       ghostscript           kernel-img.conf  modules         pulse                subuid             xml
cron.d                         glvnd                 kerneloops.conf  modules-load.d  python3              subuid-            zfs
cron.daily                     gnome                 keyutils         mtab            python3.10           sudo.conf          zsh_command_not_found
cron.hourly                    gnome-app-install     ld.so.cache      mtools.conf     rc0.d                sudoers
cron.monthly                   groff                 ld.so.conf       nanorc          rc1.d                sudoers.d
jh3v7t@jh3v7t-VirtualBox:/$ ls /var/log
alternatives.log  btmp        dmesg.3.gz       hp         mintsystem.log         syslog                                           vboxadd-setup.log.1
apt               cups        dmesg.4.gz       installer  mintsystem.timestamps  ubuntu-system-adjustments-adjust-grub-title.log  wtmp
auth.log          dmesg       dpkg.log         journal    openvpn                ubuntu-system-adjustments-start.log              Xorg.0.log
boot.log          dmesg.0     faillog          kern.log   private                ubuntu-system-adjustments-stop.log               Xorg.0.log.old
boot.log.1        dmesg.1.gz  fontconfig.log   lastlog    samba                  vboxadd-install.log
bootstrap.log     dmesg.2.gz  gpu-manager.log  lightdm    speech-dispatcher      vboxadd-setup.log
jh3v7t@jh3v7t-VirtualBox:/$ cd /home/jh3v7t
jh3v7t@jh3v7t-VirtualBox:~$ mkdir Teszt
jh3v7t@jh3v7t-VirtualBox:~$ mkdir T1 T2
jh3v7t@jh3v7t-VirtualBox:~$ tree
.
├── Desktop
├── Documents
├── Downloads
├── Music
├── Pictures
├── Public
├── T1
├── T2
├── Templates
├── Teszt
└── Videos

11 directories, 0 files
jh3v7t@jh3v7t-VirtualBox:~$ mkdir ~/Teszt/Unix/Linux/Debian
mkdir: cannot create directory ‘/home/jh3v7t/Teszt/Unix/Linux/Debian’: No such file or directory
jh3v7t@jh3v7t-VirtualBox:~$ mkdir ~/Teszt/Unix/Linux/Debian -p
jh3v7t@jh3v7t-VirtualBox:~$ mv ~/Teszt/Unix/Linux/Debian ~/Teszt/Unix/Linux/Deb
jh3v7t@jh3v7t-VirtualBox:~$ mv ~/Teszt/Unix/Linux/Deb ~/T1/Deb
jh3v7t@jh3v7t-VirtualBox:~$ rmdir T1
rmdir: failed to remove 'T1': Directory not empty
jh3v7t@jh3v7t-VirtualBox:~$ rmdir ~/T1/Deb
jh3v7t@jh3v7t-VirtualBox:~$ rmdir ~/T1r
rmdir: failed to remove '/home/jh3v7t/T1r': No such file or directory
jh3v7t@jh3v7t-VirtualBox:~$ rmdir ~/T1
jh3v7t@jh3v7t-VirtualBox:~$ rm ~/Teszt -r
jh3v7t@jh3v7t-VirtualBox:~$ pwd
/home/jh3v7t
jh3v7t@jh3v7t-VirtualBox:~$ ls
Desktop  Documents  Downloads  Music  Pictures  Public  T2  Templates  Videos
jh3v7t@jh3v7t-VirtualBox:~$ cd /etc
jh3v7t@jh3v7t-VirtualBox:/etc$ ls -l
total 1248
drwxr-xr-x  3 root root    4096 Jul 11 18:29 acpi
-rw-r--r--  1 root root    3028 Jul 11 17:33 adduser.conf
-rw-r--r--  1 root root      10 Oct  4 20:00 adjtime
drwxr-xr-x  3 root root    4096 Jul 11 18:11 alsa
drwxr-xr-x  2 root root    4096 Oct 10 18:42 alternatives
-rw-r--r--  1 root root     335 Mar 23  2022 anacrontab
-rw-r--r--  1 root root     433 Mar 23  2022 apg.conf
drwxr-xr-x  5 root root    4096 Jul 11 18:12 apm
drwxr-xr-x  3 root root    4096 Jul 11 18:26 apparmor
drwxr-xr-x  7 root root    4096 Oct  9 18:40 apparmor.d
drwxr-xr-x  4 root root    4096 Oct  4 20:02 apport
-rw-r--r--  1 root root     769 Feb 22  2022 appstream.conf
drwxr-xr-x  8 root root    4096 Oct  4 20:02 apt
drwxr-xr-x  3 root root    4096 Jul 11 18:31 avahi
-rw-r--r--  1 root root    2319 Jan  6  2022 bash.bashrc
-rw-r--r--  1 root root      45 Nov 11  2021 bash_completion
drwxr-xr-x  2 root root    4096 Jul 11 18:09 bash_completion.d
-rw-r--r--  1 root root     367 Dec 16  2020 bindresvport.blacklist
drwxr-xr-x  2 root root    4096 Apr  7  2022 binfmt.d
drwxr-xr-x  2 root root    4096 Jul 11 18:26 bluetooth
-rw-r-----  1 root root      33 Jul 11 18:31 brlapi.key
drwxr-xr-x  7 root root    4096 Jul 11 18:24 brltty
-rw-r--r--  1 root root   29219 Jun 28  2022 brltty.conf
drwxr-xr-x  3 root root    4096 Jul 11 17:34 ca-certificates
-rw-r--r--  1 root root    6253 Jul 11 17:38 ca-certificates.conf
-rw-r--r--  1 root root    5529 Jul 11 17:35 ca-certificates.conf.dpkg-old
-rw-r--r--  1 root root     429 Jul 11 18:37 casper.conf
-rw-r--r--  1 root root     119 Jan 11  2022 catdocrc
drwxr-s---  2 root dip     4096 Jul 11 18:27 chatscripts
drwxr-xr-x  2 root root    4096 Jul 11 18:31 cifs-utils
drwxr-xr-x  2 root root    4096 Oct  4 20:00 console-setup
drwxr-xr-x  2 root root    4096 Jul 11 18:29 cracklib
drwxr-xr-x  2 root root    4096 Jul 11 18:31 cron.d
drwxr-xr-x  2 root root    4096 Oct  9 18:39 cron.daily
drwxr-xr-x  2 root root    4096 Jul 11 17:35 cron.hourly
drwxr-xr-x  2 root root    4096 Jul 11 18:25 cron.monthly
-rw-r--r--  1 root root    1136 Mar 23  2022 crontab
drwxr-xr-x  2 root root    4096 Jul 11 18:31 cron.weekly
drwxr-xr-x  2 root root    4096 Jul 11 18:32 cryptsetup-initramfs
drwxr-xr-x  5 root lp      4096 Oct 10 19:16 cups
drwxr-xr-x  2 root root    4096 Jul 11 18:29 cupshelpers
drwxr-xr-x  4 root root    4096 Jul 11 17:34 dbus-1
drwxr-xr-x  3 root root    4096 Jul 11 17:40 dconf
-rw-r--r--  1 root root    2969 Feb 20  2022 debconf.conf
-rw-r--r--  1 root root      13 Aug 22  2021 debian_version
drwxr-xr-x  3 root root    4096 Oct  9 18:40 default
-rw-r--r--  1 root root     604 Sep 16  2018 deluser.conf
drwxr-xr-x  2 root root    4096 Oct  4 20:43 depmod.d
drwxr-xr-x  4 root root    4096 Jul 11 17:38 dhcp
drwxr-xr-x  2 root root    4096 Jul 11 18:34 dictionaries-common
drwxr-xr-x  4 root root    4096 Jul 11 17:41 dkms
drwxr-xr-x  3 root root    4096 Jul 11 18:15 doc-base
drwxr-xr-x  4 root root    4096 Jul 11 17:38 dpkg
-rw-r--r--  1 root root     685 Jan  8  2022 e2scrub.conf
drwxr-xr-x  3 root root    4096 Jul 11 18:08 emacs
-rw-r--r--  1 root root     106 Jul 11 17:33 environment
drwxr-xr-x  2 root root    4096 Jul 11 18:28 environment.d
-rw-r--r--  1 root root    1816 Dec 27  2019 ethertypes
drwxr-xr-x  3 root root    4096 Jul 11 18:12 firefox
drwxr-xr-x  4 root root    4096 Jul 11 17:39 fonts
-rw-r--r--  1 root root      20 Feb 24  2022 fprintd.conf
-rw-r--r--  1 root root     665 Oct  4 19:57 fstab
-rw-r--r--  1 root root     694 Mar 23  2022 fuse.conf
drwxr-xr-x  3 root root    4096 Oct  9 18:40 fwupd
-rw-r--r--  1 root root    2584 Feb  3  2022 gai.conf
drwxr-xr-x  3 root root    4096 Jul 11 18:30 gdb
drwxr-xr-x  2 root root    4096 Jul 11 18:31 geoclue
drwxr-xr-x  4 root root    4096 Jul 11 18:14 ghostscript
drwxr-xr-x  3 root root    4096 Jul 11 18:08 glvnd
drwxr-xr-x  2 root root    4096 Jul 11 18:25 gnome
drwxr-xr-x  2 root root    4096 Jul 11 18:27 gnome-app-install
drwxr-xr-x  2 root root    4096 Jul 11 18:30 groff
-rw-r--r--  1 root root    1151 Oct  4 20:44 group
-rw-r--r--  1 root root    1133 Oct  4 20:44 group-
drwxr-xr-x  2 root root    4096 Oct  9 18:40 grub.d
-rw-r-----  1 root shadow   958 Oct  4 20:44 gshadow
-rw-r-----  1 root shadow   943 Oct  4 20:44 gshadow-
drwxr-xr-x  3 root root    4096 Feb 21  2022 gss
drwxr-xr-x  2 root root    4096 Jul 11 18:28 gtk-2.0
drwxr-xr-x  2 root root    4096 Jul 11 17:40 gtk-3.0
drwxr-xr-x  2 root root    4096 Nov  5  2021 guest-session
drwxr-xr-x  3 root root    4096 Jul 11 18:17 gufw
-rw-r--r--  1 root root    4436 Dec 15  2020 hdparm.conf
-rw-r--r--  1 root root      92 Oct 15  2021 host.conf
-rw-r--r--  1 root root       4 Jul 11 18:31 hostid
-rw-r--r--  1 root root      18 Oct  4 19:59 hostname
-rw-r--r--  1 root root     232 Oct  4 19:59 hosts
-rw-r--r--  1 root root     411 Jul 11 18:26 hosts.allow
-rw-r--r--  1 root root     711 Jul 11 18:26 hosts.deny
drwxr-xr-x  2 root root    4096 Jul 11 18:32 hp
drwxr-xr-x  3 root root    4096 Jul 11 18:23 ifplugd
drwxr-xr-x  2 root root    4096 Oct  4 20:02 ImageMagick-6
drwxr-xr-x  2 root root    4096 Oct  4 20:02 init
drwxr-xr-x  2 root root    4096 Oct  9 18:40 init.d
drwxr-xr-x  5 root root    4096 Oct  9 18:40 initramfs-tools
-rw-r--r--  1 root root    1748 Jan  6  2022 inputrc
-rw-r--r--  1 root root      71 Feb  9  2017 inxi.conf
drwxr-xr-x  2 root root    4096 Jul 11 18:32 ipp-usb
drwxr-xr-x  4 root root    4096 Jul 11 17:35 iproute2
-rw-r--r--  1 root root      32 Jun  6 11:52 issue
-rw-r--r--  1 root root      25 Jun  6 11:52 issue.net
drwxr-xr-x  5 root root    4096 Oct  9 18:40 java-11-openjdk
drwxr-xr-x  8 root root    4096 Jul 11 18:21 kernel
-rw-r--r--  1 root root     110 Oct  4 20:02 kernel-img.conf
-rw-r--r--  1 root root    1308 Mar 24  2022 kerneloops.conf
drwxr-xr-x  2 root root    4096 Feb 28  2022 keyutils
-rw-r--r--  1 root root   70399 Oct 10 18:42 ld.so.cache
-rw-r--r--  1 root root      34 Dec 16  2020 ld.so.conf
drwxr-xr-x  2 root root    4096 Oct  9 18:39 ld.so.conf.d
-rw-r--r--  1 root root       0 Apr 26  2022 legal
-rw-r--r--  1 root root      27 Mar 13  2022 libao.conf
-rw-r--r--  1 root root     191 Mar 17  2022 libaudit.conf
drwxr-xr-x  3 root root    4096 Jul 11 18:13 libblockdev
drwxr-xr-x  2 root root    4096 Jul 11 18:27 libnl-3
drwxr-xr-x  2 root root    4096 Mar 24  2022 libpaper.d
drwxr-xr-x  3 root root    4096 Jul 11 18:32 libreoffice
drwxr-xr-x  4 root root    4096 Jul 11 18:29 lightdm
drwxr-xr-x  2 root root    4096 Jul 11 18:09 linuxmint
-rw-r--r--  1 root root    2996 Mar  4  2022 locale.alias
-rw-r--r--  1 root root    9454 Oct  4 20:01 locale.gen
lrwxrwxrwx  1 root root      35 Oct  4 20:00 localtime -> /usr/share/zoneinfo/Europe/Budapest
drwxr-xr-x  4 root root    4096 Jul 11 18:15 logcheck
-rw-r--r--  1 root root   10734 Nov 11  2021 login.defs
-rw-r--r--  1 root root     592 Jan 24  2022 logrotate.conf
drwxr-xr-x  2 root root    4096 Oct  9 18:40 logrotate.d
-rw-r--r--  1 root root     115 Jun  6 11:51 lsb-release
-rw-r--r--  1 root root   14867 Apr  1  2022 ltrace.conf
drwxr-xr-x  3 root root    4096 Jul 11 18:34 lvm
-r--r--r--  1 root root      33 Jul 11 17:33 machine-id
-rw-r--r--  1 root root     111 Mar 24  2022 magic
-rw-r--r--  1 root root     111 Mar 24  2022 magic.mime
-rw-r--r--  1 root root   36232 Oct 10 18:42 mailcap
-rw-r--r--  1 root root     449 Dec 11  2021 mailcap.order
-rw-r--r--  1 root root    5217 Mar 17  2022 manpath.config
drwxr-xr-x  2 root root    4096 Oct 10 18:42 mc
-rw-r--r--  1 root root   72029 Mar 21  2022 mime.types
-rw-r--r--  1 root root     744 Jan  8  2022 mke2fs.conf
drwxr-xr-x  4 root root    4096 Jul 11 18:22 ModemManager
drwxr-xr-x  2 root root    4096 Oct  9 18:40 modprobe.d
-rw-r--r--  1 root root     195 Jul 11 17:35 modules
drwxr-xr-x  2 root root    4096 Oct  4 20:01 modules-load.d
lrwxrwxrwx  1 root root      19 Oct  4 20:00 mtab -> ../proc/self/mounts
-rw-r--r--  1 root root     624 Jul 23  2021 mtools.conf
-rw-r--r--  1 root root   11204 Feb  9  2022 nanorc
-rw-r--r--  1 root root     767 Mar 24  2022 netconfig
drwxr-xr-x  2 root root    4096 Feb  8  2018 netplan
drwxr-xr-x  7 root root    4096 Jul 11 18:26 network
drwxr-xr-x  8 root root    4096 Jul 11 17:34 networkd-dispatcher
drwxr-xr-x  7 root root    4096 Jul 11 18:29 NetworkManager
-rw-r--r--  1 root root      91 Oct 15  2021 networks
drwxr-xr-x  2 root root    4096 Jul 11 17:35 newt
-rwxr-xr-x  1 root root     228 Mar 23  2022 nftables.conf
-rw-r--r--  1 root root     553 Oct  4 20:02 nsswitch.conf
drwxr-xr-x  2 root root    4096 Jul 11 18:28 openal
drwxr-xr-x  2 root root    4096 Oct  4 20:02 openni2
drwxr-xr-x  4 root root    4096 Jul 11 18:29 openvpn
drwxr-xr-x  2 root root    4096 Jul 11 17:32 opt
lrwxrwxrwx  1 root root      21 Oct  4 19:57 os-release -> ../usr/lib/os-release
drwxr-xr-x  2 root root    4096 Jul 11 18:28 PackageKit
-rw-r--r--  1 root root     552 Aug 12  2020 pam.conf
drwxr-xr-x  2 root root    4096 Oct  9 18:40 pam.d
-rw-r--r--  1 root root       3 Oct  4 20:00 papersize
-rw-r--r--  1 root root    2924 Oct  9 18:44 passwd
-rw-r--r--  1 root root    2926 Oct  9 18:37 passwd-
drwxr-xr-x  2 root root    4096 Jul 11 18:27 pcmcia
drwxr-xr-x  4 root root    4096 Jul 11 18:29 perl
drwxr-xr-x  4 root root    4096 Jul 11 18:16 pki
drwxr-xr-x  5 root root    4096 Jul 11 18:22 pm
-rw-r--r--  1 root root    7649 Jul 11 18:31 pnm2ppa.conf
drwxr-xr-x  4 root root    4096 Jul 11 17:39 polkit-1
drwxr-xr-x  9 root dip     4096 Jul 11 18:28 ppp
lrwxrwxrwx  1 root root      18 Oct  9 18:40 printcap -> /run/cups/printcap
-rw-r--r--  1 root root     582 Oct 15  2021 profile
drwxr-xr-x  2 root root    4096 Oct  9 18:40 profile.d
-rw-r--r--  1 root root    2932 Apr  1  2013 protocols
drwxr-xr-x  4 root root    4096 Jul 11 18:31 pulse
drwxr-xr-x  2 root root    4096 Jul 11 17:34 python3
drwxr-xr-x  2 root root    4096 Oct  9 18:39 python3.10
drwxr-xr-x  2 root root    4096 Oct  4 20:02 rc0.d
drwxr-xr-x  2 root root    4096 Oct  4 20:02 rc1.d
drwxr-xr-x  2 root root    4096 Oct  4 20:02 rc2.d
drwxr-xr-x  2 root root    4096 Oct  4 20:02 rc3.d
drwxr-xr-x  2 root root    4096 Oct  4 20:02 rc4.d
drwxr-xr-x  2 root root    4096 Oct  4 20:02 rc5.d
drwxr-xr-x  2 root root    4096 Oct  4 20:02 rc6.d
drwxr-xr-x  2 root root    4096 Jul 11 18:34 rcS.d
-rw-r--r--  1 root root    1889 Feb 28  2022 request-key.conf
drwxr-xr-x  2 root root    4096 Jul 11 18:31 request-key.d
lrwxrwxrwx  1 root root      39 Oct  4 19:59 resolv.conf -> ../run/systemd/resolve/stub-resolv.conf
lrwxrwxrwx  1 root root      13 Oct  4 19:57 rmt -> /usr/sbin/rmt
-rw-r--r--  1 root root     887 Apr  1  2013 rpc
-rw-r--r--  1 root root    1382 Dec 24  2021 rsyslog.conf
drwxr-xr-x  2 root root    4096 Oct  9 18:40 rsyslog.d
drwxr-xr-x  3 root root    4096 Oct  9 18:40 samba
drwxr-xr-x  3 root root    4096 Jul 11 18:32 sane.d
drwxr-xr-x  4 root root    4096 Jul 11 18:24 security
drwxr-xr-x  2 root root    4096 Jul 11 17:33 selinux
-rw-r--r--  1 root root   10593 Mar 31  2022 sensors3.conf
drwxr-xr-x  2 root root    4096 Jul 11 18:09 sensors.d
-rw-r--r--  1 root root   12813 Mar 27  2021 services
drwxr-xr-x  3 root root    4096 Jul 11 18:35 sgml
-rw-r-----  1 root shadow  1455 Oct  9 21:19 shadow
-rw-r-----  1 root shadow  1433 Oct  4 20:01 shadow-
-rw-r--r--  1 root root     128 Jul 11 17:33 shells
drwxr-xr-x  3 root root    4096 Jul 11 18:27 skel
drwxr-xr-x  2 root root    4096 Jul 11 18:25 snmp
drwxr-xr-x  4 root root    4096 Oct  9 18:40 speech-dispatcher
drwxr-xr-x  3 root root    4096 Oct  9 18:40 ssh
drwxr-xr-x  4 root root    4096 Jul 11 17:38 ssl
-rw-r--r--  1 root root      20 Oct  4 20:00 subgid
-rw-r--r--  1 root root       0 Jul 11 17:33 subgid-
-rw-r--r--  1 root root      20 Oct  4 20:00 subuid
-rw-r--r--  1 root root       0 Jul 11 17:33 subuid-
-rw-r--r--  1 root root    4573 Feb 14  2022 sudo.conf
-r--r-----  1 root root    1671 Feb  8  2022 sudoers
drwxr-xr-x  2 root root    4096 Jul 11 18:32 sudoers.d
-rw-r--r--  1 root root    9390 Feb 14  2022 sudo_logsrvd.conf
-rw-r--r--  1 root root    2355 Feb 25  2022 sysctl.conf
drwxr-xr-x  2 root root    4096 Oct  4 20:01 sysctl.d
drwxr-xr-x  6 root root    4096 Oct  4 20:01 systemd
drwxr-xr-x  2 root root    4096 Jul 11 17:37 terminfo
drwxr-xr-x  2 root root    4096 Oct  9 18:40 thermald
drwxr-xr-x  2 root root    4096 Oct  4 20:00 thunderbird
drwxr-xr-x  3 root root    4096 Jul 11 18:30 timeshift
-rw-r--r--  1 root root      16 Oct  4 20:00 timezone
drwxr-xr-x  2 root root    4096 Oct  4 20:02 timidity
drwxr-xr-x  2 root root    4096 Apr  7  2022 tmpfiles.d
-rw-r--r--  1 root root    1260 Jun 16  2020 ucf.conf
drwxr-xr-x  4 root root    4096 Oct  4 20:01 udev
drwxr-xr-x  2 root root    4096 Jul 11 18:32 udisks2
drwxr-xr-x  3 root root    4096 Oct  9 18:40 ufw
-rw-r--r--  1 root root     568 Feb 10  2022 updatedb.conf
drwxr-xr-x  2 root root    4096 Oct  9 18:40 update-motd.d
drwxr-xr-x  2 root root    4096 Jul 11 18:29 UPower
drwxr-xr-x  2 root root    4096 Jul 11 18:09 upstream-release
-rw-r--r--  1 root root    1523 Mar 25  2022 usb_modeswitch.conf
drwxr-xr-x  2 root root    4096 Sep  6  2021 usb_modeswitch.d
-rw-r--r--  1 root root      51 Apr  9  2020 vdpau_wrapper.cfg
drwxr-xr-x  2 root root    4096 Oct  9 18:40 vim
drwxr-xr-x  4 root root    4096 Oct  4 20:01 vmware-tools
lrwxrwxrwx  1 root root      23 Oct  4 19:57 vtrgb -> /etc/alternatives/vtrgb
drwxr-xr-x  5 root root    4096 Jul 11 18:15 vulkan
-rw-r--r--  1 root root    4942 Jan 24  2022 wgetrc
drwxr-xr-x  2 root root    4096 Jul 11 18:31 wpa_supplicant
drwxr-xr-x 12 root root    4096 Jul 11 18:29 X11
-rw-r--r--  1 root root     681 Mar 23  2022 xattr.conf
drwxr-xr-x  6 root root    4096 Jul 11 18:21 xdg
drwxr-xr-x  2 root root    4096 Jul 11 18:35 xml
drwxr-xr-x  4 root root    4096 Jul 11 18:31 zfs
-rw-r--r--  1 root root     460 Dec  8  2021 zsh_command_not_found
jh3v7t@jh3v7t-VirtualBox:/etc$ ls *.conf
adduser.conf    brltty.conf           debconf.conf  fprintd.conf  hdparm.conf  kernel-img.conf  libao.conf      ltrace.conf  nftables.conf  pnm2ppa.conf      rsyslog.conf   sudo_logsrvd.conf  updatedb.conf
apg.conf        ca-certificates.conf  deluser.conf  fuse.conf     host.conf    kerneloops.conf  libaudit.conf   mke2fs.conf  nsswitch.conf  request-key.conf  sensors3.conf  sysctl.conf        usb_modeswitch.conf
appstream.conf  casper.conf           e2scrub.conf  gai.conf      inxi.conf    ld.so.conf       logrotate.conf  mtools.conf  pam.conf       resolv.conf       sudo.conf      ucf.conf           xattr.conf
jh3v7t@jh3v7t-VirtualBox:/etc$ ls p*
pam.conf  papersize  passwd  passwd-  pnm2ppa.conf  printcap  profile  protocols

pam.d:
chfn      cinnamon-screensaver  common-password                cron     lightdm-autologin  newusers  polkit-1  runuser-l  sudo    vmtoolsd
chpasswd  common-account        common-session                 cups     lightdm-greeter    other     ppp       samba      sudo-i
chsh      common-auth           common-session-noninteractive  lightdm  login              passwd    runuser   su         su-l

pcmcia:
config.opts

perl:
Net  XML

pki:
fwupd  fwupd-metadata

pm:
config.d  power.d  sleep.d

polkit-1:
localauthority  localauthority.conf.d

ppp:
chap-secrets  ip-down.d  ip-pre-up.d  ip-up.d    ipv6-down.d  ipv6-up.d  options.pptp  peers
ip-down       ip-pre-up  ip-up        ipv6-down  ipv6-up      options    pap-secrets   resolv

profile.d:
01-locale-fix.sh  bash_completion.sh  debuginfod.csh  debuginfod.sh  flatpak.sh  gawk.csh  gawk.sh  im-config_wayland.sh  vte-2.91.sh  vte.csh

pulse:
client.conf  client.conf.d  daemon.conf  default.pa  default.pa.d  system.pa

python3:
debian_config

python3.10:
sitecustomize.py
jh3v7t@jh3v7t-VirtualBox:/etc$ ls *f
adduser.conf    brltty.conf           debconf.conf  fprintd.conf  hdparm.conf  kernel-img.conf  libao.conf      ltrace.conf  nftables.conf  pnm2ppa.conf      rsyslog.conf   sudo_logsrvd.conf  updatedb.conf
apg.conf        ca-certificates.conf  deluser.conf  fuse.conf     host.conf    kerneloops.conf  libaudit.conf   mke2fs.conf  nsswitch.conf  request-key.conf  sensors3.conf  sysctl.conf        usb_modeswitch.conf
appstream.conf  casper.conf           e2scrub.conf  gai.conf      inxi.conf    ld.so.conf       logrotate.conf  mtools.conf  pam.conf       resolv.conf       sudo.conf      ucf.conf           xattr.conf

dconf:
db

groff:
man.local  mdoc.local
jh3v7t@jh3v7t-VirtualBox:/etc$ ls p?s*d
passwd
jh3v7t@jh3v7t-VirtualBox:/etc$ ls /home -a
.  ..  jh3v7t
jh3v7t@jh3v7t-VirtualBox:/etc$ ls ?a* ?n*
anacrontab       ca-certificates.conf           catdocrc     inputrc     magic       mailcap.order   pam.conf   passwd-
bash.bashrc      ca-certificates.conf.dpkg-old  environment  inxi.conf   magic.mime  manpath.config  papersize  pnm2ppa.conf
bash_completion  casper.conf                    gai.conf     machine-id  mailcap     nanorc          passwd     xattr.conf

bash_completion.d:
apt-linux-mint

ca-certificates:
update.d

environment.d:
90atk-adaptor.conf  90qt-a11y.conf

gnome:
defaults.list  menus.blacklist

gnome-app-install:
packages-whitelist

init:
lightdm.conf

init.d:
acpid         bluetooth         cups          hwclock.sh         lightdm        networking     procps                       udev        zfs-mount
alsa-utils    console-setup.sh  cups-browsed  irqbalance         lm-sensors     open-vm-tools  pulseaudio-enable-autospawn  ufw         zfs-share
anacron       cron              dbus          kerneloops         lvm2           openvpn        rsync                        uuidd       zfs-zed
apparmor      cryptdisks        dns-clean     keyboard-setup.sh  lvm2-lvmpolld  plymouth       saned                        x11-common
avahi-daemon  cryptdisks-early  grub-common   kmod               mintsystem     plymouth-log   speech-dispatcher            zfs-import

initramfs-tools:
conf.d  hooks  initramfs.conf  modules  scripts  update-initramfs.conf

java-11-openjdk:
accessibility.properties  jvm-amd64.cfg       management      psfontj2d.properties  security          swing.properties
jfr                       logging.properties  net.properties  psfont.properties.ja  sound.properties

PackageKit:
PackageKit.conf  Vendor.conf

pam.d:
chfn      cinnamon-screensaver  common-password                cron     lightdm-autologin  newusers  polkit-1  runuser-l  sudo    vmtoolsd
chpasswd  common-account        common-session                 cups     lightdm-greeter    other     ppp       samba      sudo-i
chsh      common-auth           common-session-noninteractive  lightdm  login              passwd    runuser   su         su-l

samba:
gdbcommands  smb.conf  tls

sane.d:
abaton.conf          canon_dr.conf      dell1600n_net.conf  genesys.conf  kodakaio.conf    mustek.conf      plustek_pp.conf  sp15c.conf      umax.conf
agfafocus.conf       canon_lide70.conf  dll.conf            gphoto2.conf  kodak.conf       mustek_pp.conf   qcam.conf        st400.conf      umax_pp.conf
airscan.conf         canon_pp.conf      dll.d               gt68xx.conf   kvs1025.conf     mustek_usb.conf  ricoh.conf       stv680.conf     xerox_mfp.conf
apple.conf           cardscan.conf      dmc.conf            hp3900.conf   leo.conf         nec.conf         rts8891.conf     tamarack.conf
artec.conf           coolscan2.conf     epjitsu.conf        hp4200.conf   lexmark.conf     net.conf         s9036.conf       teco1.conf
artec_eplus48u.conf  coolscan3.conf     epson2.conf         hp5400.conf   ma1509.conf      p5.conf          saned.conf       teco2.conf
avision.conf         coolscan.conf      epson.conf          hp.conf       magicolor.conf   pie.conf         sceptre.conf     teco3.conf
bh.conf              dc210.conf         epsonds.conf        hpsj5s.conf   matsushita.conf  pieusb.conf      sharp.conf       test.conf
canon630u.conf       dc240.conf         escl.conf           hs2p.conf     microtek2.conf   pixma.conf       sm3840.conf      u12.conf
canon.conf           dc25.conf          fujitsu.conf        ibm.conf      microtek.conf    plustek.conf     snapscan.conf    umax1220u.conf

snmp:
snmp.conf
jh3v7t@jh3v7t-VirtualBox:/etc$ ls --hide=?a* --hide=?n*
acpi                    brltty.conf           default              geoclue        hosts            libao.conf      mc                   openal      rc0.d             sensors.d          sysctl.conf       usb_modeswitch.conf
adduser.conf            chatscripts           deluser.conf         ghostscript    hosts.allow      libaudit.conf   mime.types           openni2     rc1.d             services           sysctl.d          usb_modeswitch.d
adjtime                 cifs-utils            depmod.d             glvnd          hosts.deny       libblockdev     mke2fs.conf          openvpn     rc2.d             sgml               systemd           vdpau_wrapper.cfg
alsa                    console-setup         dhcp                 groff          hp               libnl-3         ModemManager         opt         rc3.d             shadow             terminfo          vim
alternatives            cracklib              dictionaries-common  group          ifplugd          libpaper.d      modprobe.d           os-release  rc4.d             shadow-            thermald          vmware-tools
apg.conf                cron.d                dkms                 group-         ImageMagick-6    libreoffice     modules              pcmcia      rc5.d             shells             thunderbird       vtrgb
apm                     cron.daily            doc-base             grub.d         ipp-usb          lightdm         modules-load.d       perl        rc6.d             skel               timeshift         vulkan
apparmor                cron.hourly           dpkg                 gshadow        iproute2         linuxmint       mtab                 pki         rcS.d             speech-dispatcher  timezone          wgetrc
apparmor.d              cron.monthly          e2scrub.conf         gshadow-       issue            locale.alias    mtools.conf          pm          request-key.conf  ssh                timidity          wpa_supplicant
apport                  crontab               emacs                gss            issue.net        locale.gen      netconfig            polkit-1    request-key.d     ssl                tmpfiles.d        X11
appstream.conf          cron.weekly           ethertypes           gtk-2.0        kernel           localtime       netplan              ppp         resolv.conf       subgid             ucf.conf          xdg
apt                     cryptsetup-initramfs  firefox              gtk-3.0        kernel-img.conf  logcheck        network              printcap    rmt               subgid-            udev              xml
avahi                   cups                  fonts                guest-session  kerneloops.conf  login.defs      networkd-dispatcher  profile     rpc               subuid             udisks2           zfs
bindresvport.blacklist  cupshelpers           fprintd.conf         gufw           keyutils         logrotate.conf  NetworkManager       profile.d   rsyslog.conf      subuid-            ufw               zsh_command_not_found
binfmt.d                dbus-1                fstab                hdparm.conf    ld.so.cache      logrotate.d     networks             protocols   rsyslog.d         sudo.conf          updatedb.conf
bluetooth               dconf                 fuse.conf            host.conf      ld.so.conf       lsb-release     newt                 pulse       security          sudoers            update-motd.d
brlapi.key              debconf.conf          fwupd                hostid         ld.so.conf.d     ltrace.conf     nftables.conf        python3     selinux           sudoers.d          UPower
brltty                  debian_version        gdb                  hostname       legal            lvm             nsswitch.conf        python3.10  sensors3.conf     sudo_logsrvd.conf  upstream-release
jh3v7t@jh3v7t-VirtualBox:/etc$ ls -R
.:
acpi                           crontab               group            ld.so.conf.d    netconfig            rc2.d              sudo_logsrvd.conf
adduser.conf                   cron.weekly           group-           legal           netplan              rc3.d              sysctl.conf
adjtime                        cryptsetup-initramfs  grub.d           libao.conf      network              rc4.d              sysctl.d
alsa                           cups                  gshadow          libaudit.conf   networkd-dispatcher  rc5.d              systemd
alternatives                   cupshelpers           gshadow-         libblockdev     NetworkManager       rc6.d              terminfo
anacrontab                     dbus-1                gss              libnl-3         networks             rcS.d              thermald
apg.conf                       dconf                 gtk-2.0          libpaper.d      newt                 request-key.conf   thunderbird
apm                            debconf.conf          gtk-3.0          libreoffice     nftables.conf        request-key.d      timeshift
apparmor                       debian_version        guest-session    lightdm         nsswitch.conf        resolv.conf        timezone
apparmor.d                     default               gufw             linuxmint       openal               rmt                timidity
apport                         deluser.conf          hdparm.conf      locale.alias    openni2              rpc                tmpfiles.d
appstream.conf                 depmod.d              host.conf        locale.gen      openvpn              rsyslog.conf       ucf.conf
apt                            dhcp                  hostid           localtime       opt                  rsyslog.d          udev
avahi                          dictionaries-common   hostname         logcheck        os-release           samba              udisks2
bash.bashrc                    dkms                  hosts            login.defs      PackageKit           sane.d             ufw
bash_completion                doc-base              hosts.allow      logrotate.conf  pam.conf             security           updatedb.conf
bash_completion.d              dpkg                  hosts.deny       logrotate.d     pam.d                selinux            update-motd.d
bindresvport.blacklist         e2scrub.conf          hp               lsb-release     papersize            sensors3.conf      UPower
binfmt.d                       emacs                 ifplugd          ltrace.conf     passwd               sensors.d          upstream-release
bluetooth                      environment           ImageMagick-6    lvm             passwd-              services           usb_modeswitch.conf
brlapi.key                     environment.d         init             machine-id      pcmcia               sgml               usb_modeswitch.d
brltty                         ethertypes            init.d           magic           perl                 shadow             vdpau_wrapper.cfg
brltty.conf                    firefox               initramfs-tools  magic.mime      pki                  shadow-            vim
ca-certificates                fonts                 inputrc          mailcap         pm                   shells             vmware-tools
ca-certificates.conf           fprintd.conf          inxi.conf        mailcap.order   pnm2ppa.conf         skel               vtrgb
ca-certificates.conf.dpkg-old  fstab                 ipp-usb          manpath.config  polkit-1             snmp               vulkan
casper.conf                    fuse.conf             iproute2         mc              ppp                  speech-dispatcher  wgetrc
catdocrc                       fwupd                 issue            mime.types      printcap             ssh                wpa_supplicant
chatscripts                    gai.conf              issue.net        mke2fs.conf     profile              ssl                X11
cifs-utils                     gdb                   java-11-openjdk  ModemManager    profile.d            subgid             xattr.conf
console-setup                  geoclue               kernel           modprobe.d      protocols            subgid-            xdg
cracklib                       ghostscript           kernel-img.conf  modules         pulse                subuid             xml
cron.d                         glvnd                 kerneloops.conf  modules-load.d  python3              subuid-            zfs
cron.daily                     gnome                 keyutils         mtab            python3.10           sudo.conf          zsh_command_not_found
cron.hourly                    gnome-app-install     ld.so.cache      mtools.conf     rc0.d                sudoers
cron.monthly                   groff                 ld.so.conf       nanorc          rc1.d                sudoers.d

./acpi:
asus-keyboard-backlight.sh  asus-wireless.sh  events  ibm-wireless.sh  tosh-wireless.sh  undock.sh

./acpi/events:
asus-keyboard-backlight-down  asus-keyboard-backlight-up  asus-wireless-off  asus-wireless-on  ibm-wireless  lenovo-undock  thinkpad-cmos  tosh-wireless

./alsa:
conf.d

./alsa/conf.d:
10-samplerate.conf  50-arcam-av-ctl.conf  50-oss.conf         60-upmix.conf     98-usb-stream.conf                  99-pulse.conf
10-speexrate.conf   50-jack.conf          50-pulseaudio.conf  60-vdownmix.conf  99-pulseaudio-default.conf.example

./alternatives:
aptitude           ex                       java.1.gz                        lzip.info.gz       README              vi.1.gz
aptitude.8.gz      ex.1.gz                  jexec                            lzless             rename              vi.da.1.gz
aptitude.cs.8.gz   ex.da.1.gz               jexec-binfmt                     lzless.1.gz        rename.1.gz         vi.de.1.gz
aptitude.de.8.gz   ex.de.1.gz               jjs                              lzma               rlogin              view
aptitude.es.8.gz   ex.fr.1.gz               jjs.1.gz                         lzma.1.gz          rlogin.1.gz         view.1.gz
aptitude.fi.8.gz   ex.it.1.gz               keytool                          lzmore             rmid                vi.fr.1.gz
aptitude.fr.8.gz   ex.ja.1.gz               keytool.1.gz                     lzmore.1.gz        rmid.1.gz           vi.it.1.gz
aptitude.gl.8.gz   ex.pl.1.gz               ldm-theme                        mt                 rmiregistry         vi.ja.1.gz
aptitude.it.8.gz   ex.ru.1.gz               libblas.so.3-x86_64-linux-gnu    mt.1.gz            rmiregistry.1.gz    vi.pl.1.gz
aptitude.ja.8.gz   faked.1.gz               liblapack.so.3-x86_64-linux-gnu  nawk               rmt                 vi.ru.1.gz
aptitude.pl.8.gz   faked.es.1.gz            locate                           nawk.1.gz          rmt.8.gz            vtrgb
arptables          faked.fr.1.gz            locate.1.gz                      nc                 rsh                 which
arptables-restore  faked.sv.1.gz            lzcat                            nc.1.gz            rsh.1.gz            which.1.gz
arptables-save     fakeroot                 lzcat.1.gz                       netcat             rview               which.de1.gz
awk                fakeroot.1.gz            lzcmp                            netcat.1.gz        shimx64.efi.signed  which.es1.gz
awk.1.gz           fakeroot.es.1.gz         lzcmp.1.gz                       newt-palette       start-here-16.png   which.fr1.gz
builtins.7.gz      fakeroot.fr.1.gz         lzdiff                           odt2txt            start-here-22.png   which.it1.gz
c89                fakeroot.sv.1.gz         lzdiff.1.gz                      odt2txt.1.gz       start-here-24.png   which.ja1.gz
c89.1.gz           ftp                      lzegrep                          open               start-here-256.png  which.pl1.gz
c99                ftp.1.gz                 lzegrep.1.gz                     open.1.gz          start-here-32.png   which.sl1.gz
c99.1.gz           gstreamer-codec-install  lzfgrep                          pack200            start-here-48.png   write
cc                 idmap-plugin             lzfgrep.1.gz                     pack200.1.gz       start-here.svg      write.1.gz
cc.1.gz            idmap-plugin.8.gz        lzgrep                           pager              telnet              x-cursor-theme
cpp                infobrowser              lzgrep.1.gz                      pager.1.gz         telnet.1.gz         x-session-manager
default-GM.sf2     infobrowser.1.gz         lzip                             pico               text.plymouth       x-terminal-emulator
default-GM.sf3     ip6tables                lzip.1.gz                        pico.1.gz          unlzma              x-terminal-emulator.1.gz
default.plymouth   ip6tables-restore        lzip-compressor                  pinentry           unlzma.1.gz         x-window-manager
ebtables           ip6tables-save           lzip-compressor.1.gz             pinentry.1.gz      unpack200           x-window-manager.1.gz
ebtables-restore   iptables                 lzip-compressor.info.gz          pinentry-x11       unpack200.1.gz      yacc
ebtables-save      iptables-restore         lzip-decompressor                pinentry-x11.1.gz  updatedb            yaccman
editor             iptables-save            lzip-decompressor.1.gz           rcp                updatedb.8.gz
editor.1.gz        java                     lzip-decompressor.info.gz        rcp.1.gz           vi

./apm:
resume.d  scripts.d  suspend.d

./apm/resume.d:
20alsa

./apm/scripts.d:
alsa

./apm/suspend.d:
80alsa

./apparmor:
init  parser.conf

./apparmor/init:
network-interface-security

./apparmor/init/network-interface-security:
sbin.dhclient

./apparmor.d:
abi                    local            tunables          usr.lib.libreoffice.program.oosplash     usr.sbin.cups-browsed
abstractions           lsb_release      usr.bin.man       usr.lib.libreoffice.program.senddoc      usr.sbin.cupsd
disable                nvidia_modprobe  usr.bin.redshift  usr.lib.libreoffice.program.soffice.bin  usr.sbin.rsyslogd
lightdm-guest-session  sbin.dhclient    usr.bin.tcpdump   usr.lib.libreoffice.program.xpdfimport

./apparmor.d/abi:
3.0  kernel-5.4-outoftree-network  kernel-5.4-vanilla

./apparmor.d/abstractions:
apache2-common               dbus-strict      hosts_access              mozc           php                      svn-repositories           user-download
apparmor_api                 dconf            ibus                      mysql          php5                     ubuntu-bittorrent-clients  user-mail
aspell                       dovecot-common   kde                       nameservice    php-worker               ubuntu-browsers            user-manpages
audio                        dri-common       kde-globals-write         nis            postfix-common           ubuntu-browsers.d          user-tmp
authentication               dri-enumerate    kde-icon-cache-write      nss-systemd    private-files            ubuntu-console-browsers    user-write
base                         enchant          kde-language-write        nvidia         private-files-strict     ubuntu-console-email       video
bash                         exo-open         kde-open5                 opencl         python                   ubuntu-email               vulkan
consoles                     fcitx            kerberosclient            opencl-common  qt5                      ubuntu-feed-readers        wayland
crypto                       fcitx-strict     ldapclient                opencl-intel   qt5-compose-cache-write  ubuntu-gnome-terminal      web-data
cups-client                  fonts            libpam-systemd            opencl-mesa    qt5-settings-write       ubuntu-helpers             winbind
dbus                         freedesktop.org  lightdm                   opencl-nvidia  recent-documents-write   ubuntu-konsole             wutmp
dbus-accessibility           gio-open         lightdm_chromium-browser  opencl-pocl    ruby                     ubuntu-media-players       X
dbus-accessibility-strict    gnome            likewise                  openssl        samba                    ubuntu-unity7-base         xad
dbus-network-manager-strict  gnupg            mdns                      orbit2         smbpass                  ubuntu-unity7-launcher     xdg-desktop
dbus-session                 gtk              mesa                      p11-kit        ssl_certs                ubuntu-unity7-messaging    xdg-open
dbus-session-strict          gvfs-open        mir                       perl           ssl_keys                 ubuntu-xterm

./apparmor.d/abstractions/apparmor_api:
change_profile  examine  find_mountpoint  introspect  is_enabled

./apparmor.d/abstractions/ubuntu-browsers.d:
chromium-browser  java  kde  mailto  multimedia  plugins-common  productivity  text-editors  ubuntu-integration  ubuntu-integration-xul  user-files

./apparmor.d/disable:
usr.sbin.rsyslogd

./apparmor.d/local:
lsb_release      sbin.dhclient     usr.bin.tcpdump                       usr.lib.libreoffice.program.soffice.bin  usr.sbin.cupsd
nvidia_modprobe  usr.bin.man       usr.lib.libreoffice.program.oosplash  usr.lib.libreoffice.program.xpdfimport   usr.sbin.rsyslogd
README           usr.bin.redshift  usr.lib.libreoffice.program.senddoc   usr.sbin.cups-browsed

./apparmor.d/tunables:
alias  apparmorfs  dovecot  etc  global  home  home.d  kernelvars  multiarch  multiarch.d  proc  run  securityfs  share  sys  xdg-user-dirs  xdg-user-dirs.d

./apparmor.d/tunables/home.d:
site.local  ubuntu

./apparmor.d/tunables/multiarch.d:
site.local

./apparmor.d/tunables/xdg-user-dirs.d:
site.local

./apport:
blacklist.d  native-origins.d

./apport/blacklist.d:
thunderbird

./apport/native-origins.d:
thunderbird

./apt:
apt.conf.d  auth.conf.d  keyrings  preferences.d  sources.list  sources.list.d  trusted.gpg.d

./apt/apt.conf.d:
00aptitude  00cdrom  00mint  00trustcdrom  01autoremove  01-vendor-ubuntu  20dbus  20packagekit  50appstream  50command-not-found  70debconf  90mintsystem

./apt/auth.conf.d:

./apt/keyrings:

./apt/preferences.d:
nosnap.pref  official-extra-repositories.pref  official-package-repositories.pref

./apt/sources.list.d:
official-package-repositories.list

./apt/trusted.gpg.d:
linuxmint-keyring.gpg  ubuntu-defaults.chroot.key.gpg  ubuntu-keyring-2012-cdimage.gpg  ubuntu-keyring-2016-dbgsym.gpg  ubuntu-keyring-2018-archive.gpg

./avahi:
avahi-autoipd.action  avahi-daemon.conf  hosts  services

./avahi/services:

./bash_completion.d:
apt-linux-mint

./binfmt.d:

./bluetooth:
input.conf  main.conf  network.conf

./brltty:
Attributes  Contraction  Input  Keyboard  Text

./brltty/Attributes:
invleft_right.atb  left_right.atb  upper_lower.atb

./brltty/Contraction:
af.ctb         de-2015.ctb  de-g2.ctb      en_US.ctb     fr-g1.ctb  ipa.ctb    ko-g1.ctb          lt.ctb     nl.ctb    ru.ctb      th.ctb     zu.ctb
am.ctb         de.ctb       de-wort.cti    en-us-g2.ctb  fr-g2.ctb  ja.ctb     ko-g2.ctb          mg.ctb     none.ctb  si.ctb      zh-tw.ctb
countries.cti  de-g0.ctb    en.ctb         es.ctb        ha.ctb     ko.ctb     latex-access.ctb   mun.ctb    ny.ctb    spaces.cti  zh_TW.ctb
de-1998.ctb    de-g1.ctb    en-ueb-g2.ctb  fr.ctb        id.ctb     ko-g0.ctb  letters-latin.cti  nabcc.cti  pt.ctb    sw.ctb      zh-tw.cti

./brltty/Input:
al                  at  bd  bl  bn  cb  chords.kti  ec  fa  hd  ht  ic  lb  mb  menu.kti  mn  no  pg  sk          tn          ts  vd  vr  xw
android-chords.kti  ba  bg  bm  bp  ce  cn          eu  fs  hm  hw  ir  lt  md  mm        mt  np  pm  speech.kti  toggle.kti  tt  vo  vs

./brltty/Input/al:
abt_basic.kti  abt_large.ktb  bc640.ktb  bc-etouch.kti  bc-smartpad.kti  el.ktb          sat_large.ktb  sat_small.ktb   sat_tumblers.kti
abt_extra.kti  abt_small.ktb  bc680.ktb  bc.kti         bc-thumb.kti     sat_common.kti  sat_nav.kti    sat_speech.kti  voyager.ktb

./brltty/Input/at:
all.ktb

./brltty/Input/ba:
all.txt

./brltty/Input/bd:
all.txt

./brltty/Input/bg:
all.ktb

./brltty/Input/bl:
18.txt  40_m20_m40.txt

./brltty/Input/bm:
b2g.ktb       connect.ktb  display6.kti  front6.kti      keyboard.kti    pro.ktb     routing6.kti  sv.ktb     vertical.kti
b9b10.kti     conny.ktb    display7.kti  horizontal.kti  navpad.kti      pronto.ktb  routing7.kti  ultra.ktb  vk.ktb
b9b11b10.kti  d6.kti       dm80p.ktb     inka.ktb        NLS_Zoomax.ktb  pv.ktb      routing.kti   v40.ktb    wheels.kti
command.kti   default.ktb  front10.kti   joystick.kti    orbit.ktb       rb.ktb      status.kti    v80.ktb

./brltty/Input/bn:
all.ktb  input.kti

./brltty/Input/bp:
all.kti

./brltty/Input/cb:
all.ktb

./brltty/Input/ce:
all.ktb  novem.ktb

./brltty/Input/cn:
all.ktb

./brltty/Input/ec:
all.txt  spanish.txt

./brltty/Input/eu:
all.txt      clio.ktb    esys_large.ktb   esys_small.ktb  iris.ktb       routing.kti  sw34.kti
braille.kti  common.kti  esys_medium.ktb  esytime.ktb     joysticks.kti  sw12.kti     sw56.kti

./brltty/Input/fa:
all.ktb

./brltty/Input/fs:
bumpers.kti  common.kti  focus14.ktb  focus1.ktb  focus40.ktb  focus80.ktb  focus.kti  keyboard.kti  pacmate.ktb  rockers.kti  speech.kti

./brltty/Input/hd:
mbl.ktb  pfl.ktb

./brltty/Input/hm:
beetle.ktb   common.kti    edge.ktb  f18.kti    left.kti     pan.ktb  qwerty.ktb  right.kti   scroll.kti
braille.kti  contexts.kti  f14.kti   fnkey.kti  letters.kti  pan.kti  qwerty.kti  scroll.ktb  sync.ktb

./brltty/Input/ht:
ab.ktb  ab_s.ktb  alo.ktb   bb.ktb   bkwm.ktb  bs40.ktb  bs.kti    dots.kti  input.kti     keypad.kti  mdlr.ktb  me88.ktb  rockers.kti
ab.kti  ac4.ktb   as40.ktb  bbp.ktb  brln.ktb  bs80.ktb  cb40.ktb  easy.ktb  joystick.kti  mc88.ktb    me64.ktb  me.kti    wave.ktb

./brltty/Input/hw:
B80.ktb   BI20X.ktb  BI40.ktb   braille.kti  command.kti   M40.ktb  one.ktb      thumb.kti
BI14.ktb  BI32.ktb   BI40X.ktb  C20.ktb      joystick.kti  NLS.ktb  routing.kti  touch.ktb

./brltty/Input/ic:
bb.ktb  chords.kti  common.kti  nvda.ktb  route.kti  toggle.kti

./brltty/Input/ir:
all.kti  brl.ktb  pc.ktb

./brltty/Input/lb:
all.txt

./brltty/Input/lt:
all.txt

./brltty/Input/mb:
all.txt

./brltty/Input/md:
common.kti  default.ktb  fkeys.kti  fk.ktb  fk_s.ktb  kbd.ktb  keyboard.kti  status.kti

./brltty/Input/mm:
common.kti  pocket.ktb  smart.ktb

./brltty/Input/mn:
all.txt

./brltty/Input/mt:
bd1_3.ktb  bd1_3.kti  bd1_3s.ktb  bd1_6.ktb  bd1_6.kti  bd1_6s.ktb  bd2.ktb  status.kti

./brltty/Input/no:
all.txt

./brltty/Input/np:
all.ktb

./brltty/Input/pg:
all.ktb

./brltty/Input/pm:
2d_l.ktb   c.ktb         el2d_80s.ktb  el60c.ktb  el80_ii.ktb  elba_32.ktb    front9.kti    live.ktb      status20.kti  switches.kti
2d_s.ktb   el_2d_40.ktb  el40c.ktb     el66s.ktb  el_80.ktb    elb_tr_20.ktb  ib_80.ktb     routing.kti   status22.kti  trio.ktb
bar.kti    el_2d_66.ktb  el_40_p.ktb   el70s.ktb  el80s.ktb    elb_tr_32.ktb  keyboard.kti  status0.kti   status2.kti
c_486.ktb  el_2d_80.ktb  el40s.ktb     el80c.ktb  elba_20.ktb  front13.kti    keys.kti      status13.kti  status4.kti

./brltty/Input/sk:
bdp.ktb  ntk.ktb

./brltty/Input/tn:
all.txt

./brltty/Input/ts:
nav20.ktb  nav40.ktb  nav80.ktb  nav.kti  nav_large.kti  nav_small.kti  pb40.ktb  pb65.ktb  pb80.ktb  pb.kti  pb_large.kti  pb_small.kti  routing.kti

./brltty/Input/tt:
all.txt

./brltty/Input/vd:
all.txt

./brltty/Input/vo:
all.ktb  all.kti  bp.ktb

./brltty/Input/vr:
all.txt

./brltty/Input/vs:
all.txt

./brltty/Input/xw:

./brltty/Keyboard:
braille.ktb  braille.kti  desktop.ktb  desktop.kti  keypad.ktb  kp_say.kti  kp_speak.kti  laptop.ktb  sun_type6.ktb

./brltty/Text:
alias.tti        common.tti      en_GB.ttb        fr-vs.ttb     it.ttb            mg.ttb          no-oup.ttb      pt.ttb              sv.ttb
ar.ttb           cs.ttb          en-na-ascii.tti  ga.ttb        kannada.tti       mi.ttb          no.ttb          punc-alternate.tti  sw.ttb
ascii-basic.tti  ctl-latin.tti   en-nabcc.ttb     gd.ttb        kha.ttb           ml.ttb          num-alias.tti   punc-basic.tti      tamil.tti
as.ttb           cy.ttb          en.ttb           gon.ttb       kn.ttb            mni.ttb         num-dot6.tti    punc-tibetan.tti    ta.ttb
awa.ttb          da-1252.ttb     en_US.ttb        greek.tti     kok.ttb           mr.ttb          num-dot8.tti    ro.ttb              telugu.tti
bengali.tti      da-lt.ttb       eo.ttb           gujarati.tti  kru.ttb           mt.ttb          num-french.tti  ru.ttb              te.ttb
bg.ttb           da.ttb          es.ttb           gurmukhi.tti  ltr-alias.tti     mun.ttb         num-nemd8.tti   sa.ttb              tr.ttb
bh.ttb           de-chess.tti    et.ttb           gu.ttb        ltr-cyrillic.tti  mwr.ttb         num-nemeth.tti  sat.ttb             uk.ttb
blocks.tti       de.ttb          fi.ttb           he.ttb        ltr-dot8.tti      ne.ttb          nwc.ttb         sd.ttb              vi.ttb
bn.ttb           devanagari.tti  fr-2007.ttb      hi.ttb        ltr-latin.tti     new.ttb         oriya.tti       se.ttb              win-1252.tti
bo.ttb           dra.ttb         fr_CA.ttb        hr.ttb        ltr-tibetan.tti   nl_BE.ttb       or.ttb          sk.ttb
boxes.tti        el.ttb          fr-cbifs.ttb     hu.ttb        lt.ttb            nl_NL.ttb       pa.ttb          sl.ttb
bra.ttb          en_CA.ttb       fr_FR.ttb        hy.ttb        lv.ttb            nl.ttb          pi.ttb          sv-1989.ttb
brf.ttb          en-chess.tti    fr.ttb           is.ttb        malayalam.tti     no-generic.ttb  pl.ttb          sv-1996.ttb

./ca-certificates:
update.d

./ca-certificates/update.d:
jks-keystore

./chatscripts:
gprs  pap  provider

./cifs-utils:
idmap-plugin

./console-setup:
cached_ISO-8859-1.acm.gz       compose.ARMSCII-8.inc         compose.ISIRI-3342.inc   compose.ISO-8859-1.inc  compose.ISO-8859-8.inc  remap.inc
cached_ISO-8859-1_del.kmap.gz  compose.CP1251.inc            compose.ISO-8859-10.inc  compose.ISO-8859-2.inc  compose.ISO-8859-9.inc  Uni2-Fixed16.psf.gz
cached_setup_font.sh           compose.CP1255.inc            compose.ISO-8859-11.inc  compose.ISO-8859-3.inc  compose.KOI8-R.inc      vtrgb
cached_setup_keyboard.sh       compose.CP1256.inc            compose.ISO-8859-13.inc  compose.ISO-8859-4.inc  compose.KOI8-U.inc      vtrgb.vga
cached_setup_terminal.sh       compose.GEORGIAN-ACADEMY.inc  compose.ISO-8859-14.inc  compose.ISO-8859-5.inc  compose.TIS-620.inc
cached_Uni2-Fixed16.psf.gz     compose.GEORGIAN-PS.inc       compose.ISO-8859-15.inc  compose.ISO-8859-6.inc  compose.VISCII.inc
cached_UTF-8_del.kmap.gz       compose.IBM1133.inc           compose.ISO-8859-16.inc  compose.ISO-8859-7.inc  ISO-8859-1.acm

./cracklib:
cracklib.conf

./cron.d:
anacron  e2scrub_all  zfsutils-linux

./cron.daily:
0anacron  apt-compat  aptitude  cracklib-runtime  dpkg  logrotate  man-db  plocate

./cron.hourly:

./cron.monthly:
0anacron

./cron.weekly:
0anacron  man-db

./cryptsetup-initramfs:
conf-hook

./cups:
cups-browsed.conf  cupsd.conf  cups-files.conf  interfaces  ppd  raw.convs  raw.types  snmp.conf  ssl  subscriptions.conf  subscriptions.conf.O

./cups/interfaces:

./cups/ppd:
ls: cannot open directory './cups/ssl': Permission denied

./cupshelpers:
preferreddrivers.xml

./dbus-1:
session.d  system.d

./dbus-1/session.d:

./dbus-1/system.d:
avahi-dbus.conf                          dnsmasq.conf                       org.freedesktop.DisplayManager.conf  org.freedesktop.SystemToolsBackends.conf
bluetooth.conf                           kerneloops.conf                    org.freedesktop.GeoClue2.Agent.conf  org.freedesktop.thermald.conf
com.hp.hplip.conf                        net.hadess.SensorProxy.conf        org.freedesktop.GeoClue2.conf        org.opensuse.CupsPkHelper.Mechanism.conf
com.redhat.NewPrinterNotification.conf   net.hadess.SwitcherooControl.conf  org.freedesktop.ModemManager1.conf   pulseaudio-system.conf
com.redhat.PrinterDriversInstaller.conf  org.debian.apt.conf                org.freedesktop.PackageKit.conf      wpa_supplicant.conf

./dconf:
db

./dconf/db:

./default:
acpid         alsa             avahi-daemon   cron        grub       intel-microcode  keyboard             networking  saned    zfs
acpi-support  amd64-microcode  cacerts        cryptdisks  grub.d     irqbalance       locale               openvpn     ufw
add-apt-key   anacron          console-setup  dbus        im-config  kerneloops       networkd-dispatcher  rsync       useradd

./default/grub.d:
50_linuxmint.cfg  init-select.cfg

./depmod.d:
ubuntu.conf  vboxvideo-upstream.conf

./dhcp:
debug  dhclient.conf  dhclient-enter-hooks.d  dhclient-exit-hooks.d

./dhcp/dhclient-enter-hooks.d:
avahi-autoipd  debug  resolved-enter  samba

./dhcp/dhclient-exit-hooks.d:
debug  resolved  rfc3442-classless-routes  timesyncd  zzz_avahi-autoipd

./dictionaries-common:
ispell-default  words

./dkms:
framework.conf  sign_helper.sh  template-dkms-mkbmdeb  template-dkms-mkdeb  template-dkms-mkdsc

./dkms/template-dkms-mkbmdeb:
debian  Makefile

./dkms/template-dkms-mkbmdeb/debian:
changelog  compat  control  copyright  README.Debian  rules

./dkms/template-dkms-mkdeb:
debian  Makefile

./dkms/template-dkms-mkdeb/debian:
changelog  compat  control  copyright  dirs  postinst  prerm  README.Debian  rules

./doc-base:
documents

./doc-base/documents:
README

./dpkg:
dpkg.cfg  dpkg.cfg.d  origins  shlibs.default  shlibs.override

./dpkg/dpkg.cfg.d:
pkg-config-hook-config

./dpkg/origins:
debian  default  ubuntu

./emacs:
site-start.d

./emacs/site-start.d:
50dictionaries-common.el

./environment.d:
90atk-adaptor.conf  90qt-a11y.conf

./firefox:
pref

./firefox/pref:
apturl.js

./fonts:
conf.avail  conf.d  fonts.conf

./fonts/conf.avail:
10-antialias.conf                          20-unhint-small-dejavu-serif.conf  65-0-fonts-beng-extra.conf   66-lohit-tamil-classical.conf
10-autohint.conf                           20-unhint-small-vera.conf          65-0-fonts-deva-extra.conf   66-lohit-tamil.conf
10-hinting-full.conf                       25-unhint-nonlatin.conf            65-0-fonts-gubbi.conf        66-lohit-telugu.conf
10-hinting-medium.conf                     30-droid-noto-mono.conf            65-0-fonts-gujr-extra.conf   67-fonts-smc-manjari.conf
10-hinting-none.conf                       30-metric-aliases.conf             65-0-fonts-guru-extra.conf   67-lohit-malayalam.conf
10-hinting-slight.conf                     40-nonlatin.conf                   65-0-fonts-orya-extra.conf   67-smc-anjalioldlipi.conf
10-no-sub-pixel.conf                       45-generic.conf                    65-0-fonts-pagul.conf        67-smc-chilanka.conf
10-scale-bitmap-fonts.conf                 45-latin.conf                      65-0-fonts-telu-extra.conf   67-smc-dyuthi.conf
10-sub-pixel-bgr.conf                      49-sansserif.conf                  65-0-smc-meera.conf          67-smc-karumbi.conf
10-sub-pixel-rgb.conf                      50-user.conf                       65-0-smc-rachana.conf        67-smc-keraleeyam.conf
10-sub-pixel-vbgr.conf                     51-local.conf                      65-droid-sans-fallback.conf  67-smc-raghumalayalamsans.conf
10-sub-pixel-vrgb.conf                     53-monospace-lcd-filter.conf       65-fonts-persian.conf        67-smc-suruma.conf
10-unhinted.conf                           57-dejavu-sans.conf                65-khmer.conf                67-smc-uroob.conf
11-lcdfilter-default.conf                  57-dejavu-sans-mono.conf           65-nonlatin.conf             69-unifont.conf
11-lcdfilter-legacy.conf                   57-dejavu-serif.conf               66-lohit-assamese.conf       70-force-bitmaps.conf
11-lcdfilter-light.conf                    58-dejavu-lgc-sans.conf            66-lohit-bengali.conf        70-no-bitmaps.conf
20-unhint-small-dejavu-lgc-sans.conf       58-dejavu-lgc-sans-mono.conf       66-lohit-devanagari.conf     70-yes-bitmaps.conf
20-unhint-small-dejavu-lgc-sans-mono.conf  58-dejavu-lgc-serif.conf           66-lohit-gujarati.conf       80-delicious.conf
20-unhint-small-dejavu-lgc-serif.conf      59-lohit-devanagari.conf           66-lohit-gurmukhi.conf       90-synthetic.conf
20-unhint-small-dejavu-sans.conf           60-generic.conf                    66-lohit-kannada.conf
20-unhint-small-dejavu-sans-mono.conf      60-latin.conf                      66-lohit-odia.conf

./fonts/conf.d:
10-antialias.conf                          58-dejavu-lgc-serif.conf         64-22-tlwg-typist.conf         66-lohit-tamil.conf
10-hinting-slight.conf                     59-lohit-devanagari.conf         64-23-tlwg-mono.conf           66-lohit-telugu.conf
10-scale-bitmap-fonts.conf                 60-generic.conf                  65-0-fonts-beng-extra.conf     67-fonts-smc-manjari.conf
11-lcdfilter-default.conf                  60-latin.conf                    65-0-fonts-deva-extra.conf     67-smc-anjalioldlipi.conf
20-unhint-small-dejavu-lgc-sans.conf       61-urw-bookman.conf              65-0-fonts-gubbi.conf          67-smc-chilanka.conf
20-unhint-small-dejavu-lgc-sans-mono.conf  61-urw-c059.conf                 65-0-fonts-gujr-extra.conf     67-smc-dyuthi.conf
20-unhint-small-dejavu-lgc-serif.conf      61-urw-d050000l.conf             65-0-fonts-guru-extra.conf     67-smc-karumbi.conf
20-unhint-small-dejavu-sans.conf           61-urw-fallback-backwards.conf   65-0-fonts-orya-extra.conf     67-smc-keraleeyam.conf
20-unhint-small-dejavu-sans-mono.conf      61-urw-fallback-generics.conf    65-0-fonts-pagul.conf          67-smc-raghumalayalamsans.conf
20-unhint-small-dejavu-serif.conf          61-urw-gothic.conf               65-0-fonts-telu-extra.conf     67-smc-suruma.conf
20-unhint-small-vera.conf                  61-urw-nimbus-mono-ps.conf       65-0-smc-meera.conf            67-smc-uroob.conf
30-metric-aliases.conf                     61-urw-nimbus-roman.conf         65-0-smc-rachana.conf          69-unifont.conf
30-opensymbol.conf                         61-urw-nimbus-sans.conf          65-droid-sans-fallback.conf    70-fonts-noto-cjk.conf
40-nonlatin.conf                           61-urw-p052.conf                 65-fonts-persian.conf          70-no-bitmaps.conf
45-generic.conf                            61-urw-standard-symbols-ps.conf  65-khmer.conf                  80-delicious.conf
45-latin.conf                              61-urw-z003.conf                 65-nonlatin.conf               89-tlwg-garuda-synthetic.conf
49-sansserif.conf                          64-01-tlwg-kinnari.conf          66-lohit-assamese.conf         89-tlwg-kinnari-synthetic.conf
50-user.conf                               64-02-tlwg-norasi.conf           66-lohit-bengali.conf          89-tlwg-laksaman-synthetic.conf
51-local.conf                              64-10-tlwg-loma.conf             66-lohit-devanagari.conf       89-tlwg-umpush-synthetic.conf
57-dejavu-sans.conf                        64-11-tlwg-waree.conf            66-lohit-gujarati.conf         90-synthetic.conf
57-dejavu-sans-mono.conf                   64-13-tlwg-garuda.conf           66-lohit-gurmukhi.conf         README
57-dejavu-serif.conf                       64-14-tlwg-umpush.conf           66-lohit-kannada.conf
58-dejavu-lgc-sans.conf                    64-15-laksaman.conf              66-lohit-odia.conf
58-dejavu-lgc-sans-mono.conf               64-21-tlwg-typo.conf             66-lohit-tamil-classical.conf

./fwupd:
daemon.conf  msr.conf  redfish.conf  remotes.d  thunderbolt.conf  uefi_capsule.conf

./fwupd/remotes.d:
dell-esrt.conf  lvfs.conf  lvfs-testing.conf  vendor.conf  vendor-directory.conf

./gdb:
gdbinit  gdbinit.d

./gdb/gdbinit.d:

./geoclue:
geoclue.conf

./ghostscript:
cidfmap.d  fontmap.d

./ghostscript/cidfmap.d:
90gs-cjk-resource-cns1.conf  90gs-cjk-resource-gb1.conf  90gs-cjk-resource-japan1.conf  90gs-cjk-resource-japan2.conf  90gs-cjk-resource-korea1.conf

./ghostscript/fontmap.d:
10gsfonts.conf

./glvnd:
egl_vendor.d

./glvnd/egl_vendor.d:

./gnome:
defaults.list  menus.blacklist

./gnome-app-install:
packages-whitelist

./groff:
man.local  mdoc.local

./grub.d:
00_header  05_debian_theme  10_linux  10_linux_zfs  20_linux_xen  30_os-prober  30_uefi-firmware  35_fwupd  40_custom  41_custom  README

./gss:
mech.d

./gss/mech.d:

./gtk-2.0:
im-multipress.conf

./gtk-3.0:
im-multipress.conf  settings.ini

./guest-session:

./gufw:
app_profiles

./gufw/app_profiles:
0ad.jhansonxi                                     glest.jhansonxi                                        real-time-messaging-protocol.jhansonxi
0verkill.jhansonxi                                globulation2.jhansonxi                                 redeclipse.gufw
abuse.jhansonxi                                   gnump3d.jhansonxi                                      remote-desktop-protocol.jhansonxi
aleph-one.jhansonxi                               gnunet.jhansonxi                                       rsync.jhansonxi
alienarena.jhansonxi                              gpsd.jhansonxi                                         rtcw-et.jhansonxi
amanda.jhansonxi                                  h323.jhansonxi                                         rune.jhansonxi
amule.gufw_app                                    hddtemp.jhansonxi                                      rygel.gufw
armagetron-advanced.jhansonxi                     heavy-gear-ii.jhansonxi                                ryzom.gufw
armored-fist3.jhansonxi                           hedgewars.jhansonxi                                    sacred.jhansonxi
assaultcube.gufw                                  heretic2.jhansonxi                                     samba.jhansonxi
asterisk.gufw_app                                 hexen2.jhansonxi                                       sane.jhansonxi
balazar-iii.jhansonxi                             homm3.jhansonxi                                        savage2-a-tortured-soul.jhansonxi
battlefield-1942.jhansonxi                        hplip.gufw_app                                         savage-the-battle-for-newerth.jhansonxi
bittorrent.jhansonxi                              hypertext-transfer-protocol.jhansonxi                  scorched-3d.jhansonxi
bitwig.gufw                                       icecast.jhansonxi                                      serious-engine-dedicated-server.jhansonxi
blobby-volley2.jhansonxi                          imaze.jhansonxi                                        serious-sam2.jhansonxi
blood2.jhansonxi                                  internet-printing-protocol.jhansonxi                   serious-sam.jhansonxi
bos-wars.jhansonxi                                internet-relay-chat.jhansonxi                          session-initiation-protocol.jhansonxi
bzflag.jhansonxi                                  jellyfin.gufw                                          session-traversal-utilities-nat.jhansonxi
camfrog.jhansonxi                                 joint-operations-typhoon-rising.jhansonxi              shogo-mobile-armour-division.jhansonxi
castle-combat.jhansonxi                           kali.jhansonxi                                         sid-meiers-alpha-centauri.jhansonxi
castle-vox.jhansonxi                              kde-connect.gufw                                       sid-meiers-civilization-iv.jhansonxi
chat.ufw_app                                      kingpin-life-of-crime.jhansonxi                        simple-service-discovery-protocol.jhansonxi
chocolatedoom.gufw                                knights-and-Merchants-the-shattered-kingdom.jhansonxi  sin.jhansonxi
chromecast.gufw                                   kodi_remote.gufw                                       skype.gufw_app
clonk.jhansonxi                                   kohan-is.jhansonxi                                     skype.jhansonxi
comanche4.jhansonxi                               ktorrent.gufw_app                                      snowball-surprize.jhansonxi
conquest.jhansonxi                                lbreakout2.jhansonxi                                   soldier-of-fortune.jhansonxi
crossfire.jhansonxi                               legends.jhansonxi                                      spring.jhansonxi
cs2d.jhansonxi                                    liquidwar.gufw                                         ssh.gufw_service
cube2-sauerbraten.jhansonxi                       london-law.jhansonxi                                   starcraft.jhansonxi
cups.gufw_service                                 lux.jhansonxi                                          steam.gufw
d2x-xl.jhansonxi                                  mailserver.ufw_app                                     steam.jhansonxi
daimonin.jhansonxi                                majesty-the-fantasy-kingdom-sim.jhansonxi              steel-storm.jhansonxi
dark-horizons-lore-invasion.jhansonxi             maniadrive.jhansonxi                                   syslog.jhansonxi
defcon.jhansonxi                                  mechwarrior4.jhansonxi                                 tachyon-the-fringe.jhansonxi
delta-force2.jhansonxi                            megamek.jhansonxi                                      teamspeak2.jhansonxi
delta-force-black-hawk-down.jhansonxi             mig-29-fulcrum.jhansonxi                               teamspeak3.jhansonxi
delta-force.jhansonxi                             minecraft.jhansonxi                                    teamviewer.gufw
delta-force-land-warrior.jhansonxi                minidlna.gufw                                          teeworlds.gufw
delta-force-task-force-dagger.jhansonxi           monopd.jhansonxi                                       telnet.jhansonxi
delta-force-xtreme.jhansonxi                      msn-gaming-zone.jhansonxi                              tether-game.jhansonxi
deluge.gufw_app                                   multicast-dns.jhansonxi                                the-battle-for-wesnoth.jhansonxi
descent3.jhansonxi                                mumble.gufw                                            the-mana-world.jhansonxi
diablo2.jhansonxi                                 murmur.jhansonxi                                       thinktanks.jhansonxi
diablo.jhansonxi                                  music-player-daemon.jhansonxi                          thousand-parsec.jhansonxi
digital-audio-access-protocol.jhansonxi           mysql.jhansonxi                                        toribash.jhansonxi
directoryserver.ufw_app                           myth2-soulblighter.jhansonxi                           tor.jhansonxi
directx.jhansonxi                                 mythtv.jhansonxi                                       transmissiondaemon.gufw_app
dofus.gufw                                        nagios.gufw_app                                        transmission.gufw_app
domain-name-system.jhansonxi                      nascar-racing-4-2002-2003-season.jhansonxi             tremulous.gufw
domination.jhansonxi                              nat-port-mapping-protocol.jhansonxi                    tremulous.jhansonxi
doom3.jhansonxi                                   netpanzer.jhansonxi                                    tribes2.jhansonxi
doom.jhansonxi                                    network-time-protocol.jhansonxi                        trivial-file-transfer-protocol.jhansonxi
doomsday.jhansonxi                                neverwinter-nights.jhansonxi                           tvheadend.gufw
dopewars.jhansonxi                                nexuiz.jhansonxi                                       ubuntu_one.gufw_app
dosbox.jhansonxi                                  nfs.gufw_service                                       ufo-alien-invasion.jhansonxi
drakan-order-of-the-flame.jhansonxi               nfs-kernel-server-32765.jhansonxi                      upnp_apps.gufw
dropbox.gufw_app                                  nfs-kernel-server-4000.jhansonxi                       upsd.jhansonxi
dropbox.jhansonxi                                 nfs-kernel-server-4194.jhansonxi                       urban-terror.jhansonxi
dxx-rebirth.jhansonxi                             nicotine.gufw_app                                      ur-quan-masters.jhansonxi
dynamic-host-configuration-protocol.jhansonxi     nrpe.gufw_app                                          usbip.jhansonxi
eduke32.jhansonxi                                 nsclientplusplus.gufw_app                              usb-redirector.jhansonxi
enemy-territory-quake-wars.jhansonxi              openarena.jhansonxi                                    ut2004.jhansonxi
evil-islands-curse-of-the-lost-soul.jhansonxi     openmeetings.jhansonxi                                 vendettaonline.gufw
extensible-messaging-presence-protocol.jhansonxi  openrpg.jhansonxi                                      vibe-streamer.jhansonxi
f-16-multirole-fighter.jhansonxi                  openttd.jhansonxi                                      virtual-network-computing-server.jhansonxi
f-22-lightning3.jhansonxi                         optimized-link-state-routing.jhansonxi                 vlc.jhansonxi
f-22-raptor.jhansonxi                             parsec.gufw_app                                        vnc.gufw_service
fileserver.ufw_app                                pennmush.jhansonxi                                     vuze.gufw_app
file-transfer-protocol.jhansonxi                  pioneers.jhansonxi                                     vuze_remote.gufw
firefly-media-server.jhansonxi                    player-vs-player-gaming-network.jhansonxi              wakfu.gufw
foobillard.jhansonxi                              plex.gufw_service                                      warcraft2bne.jhansonxi
freeciv.jhansonxi                                 point-to-point-tunneling-protocol.jhansonxi            warcraft3.jhansonxi
freecol.jhansonxi                                 postal2.jhansonxi                                      warsow.jhansonxi
freelords.jhansonxi                               postal.jhansonxi                                       warzone-2100.jhansonxi
freeorion.jhansonxi                               postfix.gufw                                           webcam-server.jhansonxi
freespace2.jhansonxi                              prey.jhansonxi                                         webmin.jhansonxi
frostwire.jhansonxi                               printserver.ufw_app                                    widelands.jhansonxi
frozen-bubble.jhansonxi                           proxyserver.ufw_app                                    windows-messenger.jhansonxi
ftp.gufw_service                                  pulseaudio.jhansonxi                                   world-of-padman.jhansonxi
full-metal-soccer.jhansonxi                       qbittorrent.gufw_app                                   world-of-warcraft.jhansonxi
gameranger.jhansonxi                              quake2.jhansonxi                                       wormux.jhansonxi
gamers-internet-tunnel.jhansonxi                  quake3.jhansonxi                                       xpilot.jhansonxi
games-for-windows-live.jhansonxi                  quake4.jhansonxi                                       yang.jhansonxi
gamespy.jhansonxi                                 quake.jhansonxi                                        ysflight2000.jhansonxi
ggz-gaming-zone.jhansonxi                         railroad-tycoon-2.jhansonxi

./hp:
hplip.conf

./ifplugd:
action.d

./ifplugd/action.d:
action_wpa

./ImageMagick-6:
coder.xml   delegates.xml  magic.xml  policy.xml              thresholds.xml  type-dejavu.xml       type-urw-base35.xml  type.xml
colors.xml  log.xml        mime.xml   quantization-table.xml  type-apple.xml  type-ghostscript.xml  type-windows.xml

./init:
lightdm.conf

./init.d:
acpid         bluetooth         cups          hwclock.sh         lightdm        networking     procps                       udev        zfs-mount
alsa-utils    console-setup.sh  cups-browsed  irqbalance         lm-sensors     open-vm-tools  pulseaudio-enable-autospawn  ufw         zfs-share
anacron       cron              dbus          kerneloops         lvm2           openvpn        rsync                        uuidd       zfs-zed
apparmor      cryptdisks        dns-clean     keyboard-setup.sh  lvm2-lvmpolld  plymouth       saned                        x11-common
avahi-daemon  cryptdisks-early  grub-common   kmod               mintsystem     plymouth-log   speech-dispatcher            zfs-import

./initramfs-tools:
conf.d  hooks  initramfs.conf  modules  scripts  update-initramfs.conf

./initramfs-tools/conf.d:

./initramfs-tools/hooks:

./initramfs-tools/scripts:
init-bottom  init-premount  init-top  local-bottom  local-premount  local-top  nfs-bottom  nfs-premount  nfs-top  panic

./initramfs-tools/scripts/init-bottom:

./initramfs-tools/scripts/init-premount:

./initramfs-tools/scripts/init-top:

./initramfs-tools/scripts/local-bottom:

./initramfs-tools/scripts/local-premount:

./initramfs-tools/scripts/local-top:

./initramfs-tools/scripts/nfs-bottom:

./initramfs-tools/scripts/nfs-premount:

./initramfs-tools/scripts/nfs-top:

./initramfs-tools/scripts/panic:

./ipp-usb:
ipp-usb.conf

./iproute2:
bpf_pinning  ematch_map  group  nl_protos  rt_dsfield  rt_protos  rt_protos.d  rt_realms  rt_scopes  rt_tables  rt_tables.d

./iproute2/rt_protos.d:
README

./iproute2/rt_tables.d:
README

./java-11-openjdk:
accessibility.properties  jvm-amd64.cfg       management      psfontj2d.properties  security          swing.properties
jfr                       logging.properties  net.properties  psfont.properties.ja  sound.properties

./java-11-openjdk/jfr:
default.jfc  profile.jfc

./java-11-openjdk/management:
jmxremote.access  management.properties

./java-11-openjdk/security:
blocked.certs  default.policy  java.policy  java.security  nss.cfg  policy  public_suffix_list.dat

./java-11-openjdk/security/policy:
limited  README.txt  unlimited

./java-11-openjdk/security/policy/limited:
default_local.policy  default_US_export.policy  exempt_local.policy

./java-11-openjdk/security/policy/unlimited:
default_local.policy  default_US_export.policy

./kernel:
header_postinst.d  install.d  postinst.d  postrm.d  preinst.d  prerm.d

./kernel/header_postinst.d:
dkms

./kernel/install.d:
dkms

./kernel/postinst.d:
dkms  initramfs-tools  pm-utils  vboxadd  xx-update-initrd-links  zz-shim  zz-update-grub

./kernel/postrm.d:
initramfs-tools  zz-update-grub

./kernel/preinst.d:
intel-microcode

./kernel/prerm.d:
dkms  vboxadd

./keyutils:

./ld.so.conf.d:
fakeroot-x86_64-linux-gnu.conf  libc.conf  x86_64-linux-gnu.conf

./libblockdev:
conf.d

./libblockdev/conf.d:
00-default.cfg

./libnl-3:
classid  pktloc

./libpaper.d:

./libreoffice:
psprint.conf  registry  sofficerc  soffice.sh

./libreoffice/registry:
base.xcd       draw.xcd           Langpack-de.xcd     Langpack-es.xcd     Langpack-pt.xcd     lingucomponent.xcd  oo-ad-ldap.xcd.sample  res
calc.xcd       gnome.xcd          Langpack-en-GB.xcd  Langpack-fr.xcd     Langpack-ru.xcd     main.xcd            oo-ldap.xcd.sample     writer.xcd
cjk_zh-CN.xcd  graphicfilter.xcd  Langpack-en-US.xcd  Langpack-it.xcd     Langpack-zh-CN.xcd  math.xcd            pdfimport.xcd          xsltfilter.xcd
cjk_zh-TW.xcd  impress.xcd        Langpack-en-ZA.xcd  Langpack-pt-BR.xcd  Langpack-zh-TW.xcd  ogltrans.xcd        pyuno.xcd

./libreoffice/registry/res:
fcfg_langpack_de.xcd     fcfg_langpack_es.xcd     fcfg_langpack_pt.xcd     registry_de.xcd     registry_fr.xcd     registry_ru.xcd
fcfg_langpack_en-GB.xcd  fcfg_langpack_fr.xcd     fcfg_langpack_ru.xcd     registry_en-GB.xcd  registry_it.xcd     registry_zh-CN.xcd
fcfg_langpack_en-US.xcd  fcfg_langpack_it.xcd     fcfg_langpack_zh-CN.xcd  registry_en-ZA.xcd  registry_pt-BR.xcd  registry_zh-TW.xcd
fcfg_langpack_en-ZA.xcd  fcfg_langpack_pt-BR.xcd  fcfg_langpack_zh-TW.xcd  registry_es.xcd     registry_pt.xcd

./lightdm:
lightdm.conf.d  lightdm-gtk-greeter.conf.d  users.conf

./lightdm/lightdm.conf.d:
70-linuxmint.conf

./lightdm/lightdm-gtk-greeter.conf.d:
99_linuxmint.conf

./linuxmint:
info  mintSystem.conf

./logcheck:
ignore.d.paranoid  ignore.d.server

./logcheck/ignore.d.paranoid:
cracklib-runtime

./logcheck/ignore.d.server:
gpg-agent  libsasl2-modules  rsyslog

./logrotate.d:
alternatives  apt  aptitude  bootlog  btmp  cups-daemon  dpkg  lightdm  mintupdate  pm-utils  ppp  rsyslog  sane-utils  speech-dispatcher  ufw  wtmp

./lvm:
lvm.conf  lvmlocal.conf  profile

./lvm/profile:
cache-mq.profile   command_profile_template.profile  metadata_profile_template.profile  thin-performance.profile
cache-smq.profile  lvmdbusd.profile                  thin-generic.profile               vdo-small.profile

./mc:
edit.indent.rc  filehighlight.ini  mc.default.keymap  mcedit.menu  mc.emacs.keymap  mc.ext  mc.keymap  mc.menu  sfs.ini

./ModemManager:
connection.d  fcc-unlock.d

./ModemManager/connection.d:

./ModemManager/fcc-unlock.d:

./modprobe.d:
alsa-base.conf                  blacklist.conf              blacklist-modem.conf         dkms.conf
amd64-microcode-blacklist.conf  blacklist-firewire.conf     blacklist-oss.conf           intel-microcode-blacklist.conf
blacklist-ath_pci.conf          blacklist-framebuffer.conf  blacklist-rare-network.conf  iwlwifi.conf

./modules-load.d:
cups-filters.conf  modules.conf

./netplan:
1-network-manager-all.yaml

./network:
if-down.d  if-post-down.d  if-pre-up.d  if-up.d  interfaces  interfaces.d

./network/if-down.d:
avahi-autoipd  openvpn  resolved  wpasupplicant

./network/if-post-down.d:
wireless-tools  wpasupplicant

./network/if-pre-up.d:
ethtool  wireless-tools  wpasupplicant

./network/if-up.d:
avahi-autoipd  ethtool  openvpn  resolved  wpasupplicant

./network/interfaces.d:

./networkd-dispatcher:
carrier.d  degraded.d  dormant.d  no-carrier.d  off.d  routable.d

./networkd-dispatcher/carrier.d:

./networkd-dispatcher/degraded.d:

./networkd-dispatcher/dormant.d:

./networkd-dispatcher/no-carrier.d:

./networkd-dispatcher/off.d:

./networkd-dispatcher/routable.d:

./NetworkManager:
conf.d  dispatcher.d  dnsmasq.d  dnsmasq-shared.d  NetworkManager.conf  system-connections

./NetworkManager/conf.d:
default-wifi-powersave-on.conf

./NetworkManager/dispatcher.d:
01-ifupdown  no-wait.d  pre-down.d  pre-up.d

./NetworkManager/dispatcher.d/no-wait.d:

./NetworkManager/dispatcher.d/pre-down.d:

./NetworkManager/dispatcher.d/pre-up.d:

./NetworkManager/dnsmasq.d:

./NetworkManager/dnsmasq-shared.d:

./NetworkManager/system-connections:

./newt:
palette  palette.original  palette.ubuntu

./openal:
alsoft.conf

./openni2:
OpenNI.ini

./openvpn:
client  server  update-resolv-conf

./openvpn/client:

./openvpn/server:

./opt:

./PackageKit:
PackageKit.conf  Vendor.conf

./pam.d:
chfn      cinnamon-screensaver  common-password                cron     lightdm-autologin  newusers  polkit-1  runuser-l  sudo    vmtoolsd
chpasswd  common-account        common-session                 cups     lightdm-greeter    other     ppp       samba      sudo-i
chsh      common-auth           common-session-noninteractive  lightdm  login              passwd    runuser   su         su-l

./pcmcia:
config.opts

./perl:
Net  XML

./perl/Net:
libnet.cfg

./perl/XML:
SAX

./perl/XML/SAX:
ParserDetails.ini

./pki:
fwupd  fwupd-metadata

./pki/fwupd:
GPG-KEY-Linux-Foundation-Firmware  GPG-KEY-Linux-Vendor-Firmware-Service  LVFS-CA.pem

./pki/fwupd-metadata:
GPG-KEY-Linux-Foundation-Metadata  GPG-KEY-Linux-Vendor-Firmware-Service  LVFS-CA.pem

./pm:
config.d  power.d  sleep.d

./pm/config.d:

./pm/power.d:

./pm/sleep.d:
10_grub-common

./polkit-1:
localauthority  localauthority.conf.d
ls: cannot open directory './polkit-1/localauthority': Permission denied

./polkit-1/localauthority.conf.d:
50-localauthority.conf  51-ubuntu-admin.conf

./ppp:
chap-secrets  ip-down.d  ip-pre-up.d  ip-up.d    ipv6-down.d  ipv6-up.d  options.pptp  peers
ip-down       ip-pre-up  ip-up        ipv6-down  ipv6-up      options    pap-secrets   resolv

./ppp/ip-down.d:
0000usepeerdns  0dns-down

./ppp/ip-pre-up.d:

./ppp/ip-up.d:
0000usepeerdns  0dns-up

./ppp/ipv6-down.d:

./ppp/ipv6-up.d:

./ppp/peers:
provider

./ppp/resolv:

./profile.d:
01-locale-fix.sh  bash_completion.sh  debuginfod.csh  debuginfod.sh  flatpak.sh  gawk.csh  gawk.sh  im-config_wayland.sh  vte-2.91.sh  vte.csh

./pulse:
client.conf  client.conf.d  daemon.conf  default.pa  default.pa.d  system.pa

./pulse/client.conf.d:
01-enable-autospawn.conf

./pulse/default.pa.d:

./python3:
debian_config

./python3.10:
sitecustomize.py

./rc0.d:
K01alsa-utils    K01cryptdisks        K01irqbalance  K01lvm2-lvmpolld  K01openvpn                      K01saned              K01uuidd       K01zfs-share
K01avahi-daemon  K01cryptdisks-early  K01kerneloops  K01networking     K01plymouth                     K01speech-dispatcher  K01zfs-import  K01zfs-zed
K01bluetooth     K01cups-browsed      K01lightdm     K01open-vm-tools  K01pulseaudio-enable-autospawn  K01udev               K01zfs-mount

./rc1.d:
K01alsa-utils    K01cups          K01kerneloops     K01open-vm-tools                K01saned              K01uuidd       K01zfs-share
K01avahi-daemon  K01cups-browsed  K01lightdm        K01openvpn                      K01speech-dispatcher  K01zfs-import  K01zfs-zed
K01bluetooth     K01irqbalance    K01lvm2-lvmpolld  K01pulseaudio-enable-autospawn  K01ufw                K01zfs-mount

./rc2.d:
K01speech-dispatcher  S01bluetooth         S01cups-browsed  S01kerneloops     S01open-vm-tools                S01rsync      S01zfs-share
S01acpid              S01console-setup.sh  S01dbus          S01lightdm        S01openvpn                      S01saned      S01zfs-zed
S01anacron            S01cron              S01grub-common   S01lvm2-lvmpolld  S01plymouth                     S01uuidd
S01avahi-daemon       S01cups              S01irqbalance    S01mintsystem     S01pulseaudio-enable-autospawn  S01zfs-mount

./rc3.d:
K01speech-dispatcher  S01bluetooth         S01cups-browsed  S01kerneloops     S01open-vm-tools                S01rsync      S01zfs-share
S01acpid              S01console-setup.sh  S01dbus          S01lightdm        S01openvpn                      S01saned      S01zfs-zed
S01anacron            S01cron              S01grub-common   S01lvm2-lvmpolld  S01plymouth                     S01uuidd
S01avahi-daemon       S01cups              S01irqbalance    S01mintsystem     S01pulseaudio-enable-autospawn  S01zfs-mount

./rc4.d:
K01speech-dispatcher  S01bluetooth         S01cups-browsed  S01kerneloops     S01open-vm-tools                S01rsync      S01zfs-share
S01acpid              S01console-setup.sh  S01dbus          S01lightdm        S01openvpn                      S01saned      S01zfs-zed
S01anacron            S01cron              S01grub-common   S01lvm2-lvmpolld  S01plymouth                     S01uuidd
S01avahi-daemon       S01cups              S01irqbalance    S01mintsystem     S01pulseaudio-enable-autospawn  S01zfs-mount

./rc5.d:
K01speech-dispatcher  S01bluetooth         S01cups-browsed  S01kerneloops     S01open-vm-tools                S01rsync      S01zfs-share
S01acpid              S01console-setup.sh  S01dbus          S01lightdm        S01openvpn                      S01saned      S01zfs-zed
S01anacron            S01cron              S01grub-common   S01lvm2-lvmpolld  S01plymouth                     S01uuidd
S01avahi-daemon       S01cups              S01irqbalance    S01mintsystem     S01pulseaudio-enable-autospawn  S01zfs-mount

./rc6.d:
K01alsa-utils    K01cryptdisks        K01irqbalance  K01lvm2-lvmpolld  K01openvpn                      K01saned              K01uuidd       K01zfs-share
K01avahi-daemon  K01cryptdisks-early  K01kerneloops  K01networking     K01plymouth                     K01speech-dispatcher  K01zfs-import  K01zfs-zed
K01bluetooth     K01cups-browsed      K01lightdm     K01open-vm-tools  K01pulseaudio-enable-autospawn  K01udev               K01zfs-mount

./rcS.d:
S01alsa-utils  S01cryptdisks        S01dns-clean          S01kmod        S01lvm2        S01plymouth-log  S01udev  S01x11-common
S01apparmor    S01cryptdisks-early  S01keyboard-setup.sh  S01lm-sensors  S01networking  S01procps        S01ufw   S01zfs-import

./request-key.d:
cifs.idmap.conf  cifs.spnego.conf

./rsyslog.d:
20-ufw.conf  50-default.conf

./samba:
gdbcommands  smb.conf  tls

./samba/tls:

./sane.d:
abaton.conf          canon_dr.conf      dell1600n_net.conf  genesys.conf  kodakaio.conf    mustek.conf      plustek_pp.conf  sp15c.conf      umax.conf
agfafocus.conf       canon_lide70.conf  dll.conf            gphoto2.conf  kodak.conf       mustek_pp.conf   qcam.conf        st400.conf      umax_pp.conf
airscan.conf         canon_pp.conf      dll.d               gt68xx.conf   kvs1025.conf     mustek_usb.conf  ricoh.conf       stv680.conf     xerox_mfp.conf
apple.conf           cardscan.conf      dmc.conf            hp3900.conf   leo.conf         nec.conf         rts8891.conf     tamarack.conf
artec.conf           coolscan2.conf     epjitsu.conf        hp4200.conf   lexmark.conf     net.conf         s9036.conf       teco1.conf
artec_eplus48u.conf  coolscan3.conf     epson2.conf         hp5400.conf   ma1509.conf      p5.conf          saned.conf       teco2.conf
avision.conf         coolscan.conf      epson.conf          hp.conf       magicolor.conf   pie.conf         sceptre.conf     teco3.conf
bh.conf              dc210.conf         epsonds.conf        hpsj5s.conf   matsushita.conf  pieusb.conf      sharp.conf       test.conf
canon630u.conf       dc240.conf         escl.conf           hs2p.conf     microtek2.conf   pixma.conf       sm3840.conf      u12.conf
canon.conf           dc25.conf          fujitsu.conf        ibm.conf      microtek.conf    plustek.conf     snapscan.conf    umax1220u.conf

./sane.d/dll.d:
airscan  hplip

./security:
access.conf      faillock.conf  limits.conf  namespace.conf  namespace.init  pam_env.conf    sepermit.conf
capability.conf  group.conf     limits.d     namespace.d     opasswd         pwquality.conf  time.conf

./security/limits.d:

./security/namespace.d:

./selinux:
semanage.conf

./sensors.d:

./sgml:
catalog  docbook-xml  docbook-xml.cat  sgml-data.cat  xml-core.cat

./sgml/docbook-xml:
4.0  4.1.2  4.2  4.3  4.4  4.5

./sgml/docbook-xml/4.0:
dbgenent.ent

./sgml/docbook-xml/4.1.2:
dbgenent.mod

./sgml/docbook-xml/4.2:
dbgenent.mod

./sgml/docbook-xml/4.3:
dbgenent.mod

./sgml/docbook-xml/4.4:
dbgenent.mod

./sgml/docbook-xml/4.5:
dbgenent.mod

./skel:

./snmp:
snmp.conf

./speech-dispatcher:
clients  modules  speechd.conf

./speech-dispatcher/clients:
emacs.conf

./speech-dispatcher/modules:
cicero.conf       epos-generic.conf  espeak-mbrola-generic.conf  espeak-ng-mbrola.conf          festival.conf  llia_phon-generic.conf  swift-generic.conf
dtk-generic.conf  espeak.conf        espeak-ng.conf              espeak-ng-mbrola-generic.conf  flite.conf     mary-generic.conf

./ssh:
ssh_config  ssh_config.d

./ssh/ssh_config.d:

./ssl:
certs  openssl.cnf  private

./ssl/certs:
 002c0b4f.0                                                        COMODO_RSA_Certification_Authority.pem
 02265526.0                                                        d4dae3dd.0
 062cdee6.0                                                        d52c538d.0
 064e0aa9.0                                                        d6325660.0
 06dc52d5.0                                                        d7e8dc79.0
 08063a00.0                                                        d887a5bb.0
 09789157.0                                                        dc4d6a89.0
 0a775a30.0                                                        dd8e9d41.0
 0b1b94ef.0                                                        de6d66f3.0
 0b9bc432.0                                                        DigiCert_Assured_ID_Root_CA.pem
 0bf05006.0                                                        DigiCert_Assured_ID_Root_G2.pem
 0c31d5ce.0                                                        DigiCert_Assured_ID_Root_G3.pem
 0f5dc4f3.0                                                        DigiCert_Global_Root_CA.pem
 0f6fa695.0                                                        DigiCert_Global_Root_G2.pem
 1001acf7.0                                                        DigiCert_Global_Root_G3.pem
 106f3e4d.0                                                        DigiCert_High_Assurance_EV_Root_CA.pem
 14bc7599.0                                                        DigiCert_TLS_ECC_P384_Root_G5.pem
 18856ac4.0                                                        DigiCert_TLS_RSA4096_Root_G5.pem
 1d3472b9.0                                                        DigiCert_Trusted_Root_G4.pem
 1e08bfd1.0                                                        D-TRUST_BR_Root_CA_1_2020.pem
 1e09d511.0                                                        D-TRUST_EV_Root_CA_1_2020.pem
 244b5494.0                                                        D-TRUST_Root_Class_3_CA_2_2009.pem
 2923b3f9.0                                                        D-TRUST_Root_Class_3_CA_2_EV_2009.pem
 2ae6433e.0                                                        e113c810.0
 2b349938.0                                                        e18bfb83.0
 32888f65.0                                                        e35234b1.0
 3513523f.0                                                        e36a6752.0
 3bde41ac.0                                                        e73d606e.0
 3bde41ac.1                                                        e868b802.0
 3e45d192.0                                                        e8de2f56.0
 3fb36b73.0                                                        ecccd8db.0
 40193066.0                                                        ed858448.0
 4042bcee.0                                                        ee64a828.0
 40547a79.0                                                        eed8c118.0
 406c9bb1.0                                                        ef954a4e.0
 48bec511.0                                                        emSign_ECC_Root_CA_-_C3.pem
 4b718d9b.0                                                        emSign_ECC_Root_CA_-_G3.pem
 4bfab552.0                                                        emSign_Root_CA_-_C1.pem
 4f316efb.0                                                        emSign_Root_CA_-_G1.pem
 5273a94c.0                                                        Entrust.net_Premium_2048_Secure_Server_CA.pem
 5443e9e3.0                                                        Entrust_Root_Certification_Authority_-_EC1.pem
 54657681.0                                                        Entrust_Root_Certification_Authority_-_G2.pem
 57bcb2da.0                                                        Entrust_Root_Certification_Authority_-_G4.pem
 5860aaa6.0                                                        Entrust_Root_Certification_Authority.pem
 5931b5bc.0                                                        ePKI_Root_Certification_Authority.pem
 5a7722fb.0                                                        e-Szigno_Root_CA_2017.pem
 5ad8a5d6.0                                                        E-Tugra_Certification_Authority.pem
 5cd81ad7.0                                                        E-Tugra_Global_Root_CA_ECC_v3.pem
 5e98733a.0                                                        E-Tugra_Global_Root_CA_RSA_v3.pem
 5f15c80c.0                                                        f081611a.0
 5f618aec.0                                                        f0c70a8d.0
 607986c7.0                                                        f249de83.0
 626dceaf.0                                                        f30dd6ad.0
 653b494a.0                                                        f3377b1b.0
 66445960.0                                                        f387163d.0
 68dd7389.0                                                        f39fc864.0
 6b99d060.0                                                        f51bb24c.0
 6d41d539.0                                                        fa5da96b.0
 6fa5da56.0                                                        fc5a8f99.0
 706f604c.0                                                        fd64f3fc.0
 749e9e03.0                                                        fe8a2cd8.0
 75d1b2ed.0                                                        feffd413.0
 76faf6c0.0                                                        ff34af3f.0
 7719f463.0                                                        GDCA_TrustAUTH_R5_ROOT.pem
 773e07ad.0                                                        GlobalSign_ECC_Root_CA_-_R4.pem
 7a3adc42.0                                                        GlobalSign_ECC_Root_CA_-_R5.pem
 7a780d93.0                                                        GlobalSign_Root_CA.pem
 7f3d5d1d.0                                                        GlobalSign_Root_CA_-_R3.pem
 8160b96c.0                                                        GlobalSign_Root_CA_-_R6.pem
 8508e720.0                                                        GlobalSign_Root_E46.pem
 8cb5ee0f.0                                                        GlobalSign_Root_R46.pem
 8d86cdd1.0                                                        GLOBALTRUST_2020.pem
 8d89cda1.0                                                        Go_Daddy_Class_2_CA.pem
 8f103249.0                                                        Go_Daddy_Root_Certificate_Authority_-_G2.pem
 90c5a3c8.0                                                        GTS_Root_R1.pem
 930ac5d2.0                                                        GTS_Root_R2.pem
 93bc0acc.0                                                        GTS_Root_R3.pem
 9482e63a.0                                                        GTS_Root_R4.pem
 9846683b.0                                                        HARICA_TLS_ECC_Root_CA_2021.pem
 988a38cb.0                                                        HARICA_TLS_RSA_Root_CA_2021.pem
 9b5697b0.0                                                        Hellenic_Academic_and_Research_Institutions_ECC_RootCA_2015.pem
 9c8dfbd4.0                                                        Hellenic_Academic_and_Research_Institutions_RootCA_2015.pem
 9d04f354.0                                                        HiPKI_Root_CA_-_G1.pem
 9ef4a08a.0                                                        Hongkong_Post_Root_CA_1.pem
 9f727ac7.0                                                        Hongkong_Post_Root_CA_3.pem
 a3418fda.0                                                        IdenTrust_Commercial_Root_CA_1.pem
 a94d09e5.0                                                        IdenTrust_Public_Sector_Root_CA_1.pem
 ACCVRAIZ1.pem                                                     ISRG_Root_X1.pem
 AC_RAIZ_FNMT-RCM.pem                                              ISRG_Root_X2.pem
 AC_RAIZ_FNMT-RCM_SERVIDORES_SEGUROS.pem                           Izenpe.com.pem
 Actalis_Authentication_Root_CA.pem                                java
 aee5f10d.0                                                        Microsec_e-Szigno_Root_CA_2009.pem
 AffirmTrust_Commercial.pem                                        Microsoft_ECC_Root_Certificate_Authority_2017.pem
 AffirmTrust_Networking.pem                                        Microsoft_RSA_Root_Certificate_Authority_2017.pem
 AffirmTrust_Premium_ECC.pem                                       NAVER_Global_Root_Certification_Authority.pem
 AffirmTrust_Premium.pem                                          'NetLock_Arany_=Class_Gold=_Főtanúsítvány.pem'
 Amazon_Root_CA_1.pem                                              OISTE_WISeKey_Global_Root_GB_CA.pem
 Amazon_Root_CA_2.pem                                              OISTE_WISeKey_Global_Root_GC_CA.pem
 Amazon_Root_CA_3.pem                                              QuoVadis_Root_CA_1_G3.pem
 Amazon_Root_CA_4.pem                                              QuoVadis_Root_CA_2_G3.pem
 ANF_Secure_Server_Root_CA.pem                                     QuoVadis_Root_CA_2.pem
 Atos_TrustedRoot_2011.pem                                         QuoVadis_Root_CA_3_G3.pem
 Autoridad_de_Certificacion_Firmaprofesional_CIF_A62634068_2.pem   QuoVadis_Root_CA_3.pem
 Autoridad_de_Certificacion_Firmaprofesional_CIF_A62634068.pem     Secure_Global_CA.pem
 b0e59380.0                                                        SecureSign_RootCA11.pem
 b1159c4c.0                                                        SecureTrust_CA.pem
 b433981b.0                                                        Security_Communication_ECC_RootCA1.pem
 b66938e9.0                                                        Security_Communication_RootCA2.pem
 b727005e.0                                                        Security_Communication_RootCA3.pem
 b7a5b843.0                                                        Security_Communication_Root_CA.pem
 b81b93f0.0                                                        ssl-cert-snakeoil.pem
 Baltimore_CyberTrust_Root.pem                                     SSL.com_EV_Root_Certification_Authority_ECC.pem
 bf53fb88.0                                                        SSL.com_EV_Root_Certification_Authority_RSA_R2.pem
 Buypass_Class_2_Root_CA.pem                                       SSL.com_Root_Certification_Authority_ECC.pem
 Buypass_Class_3_Root_CA.pem                                       SSL.com_Root_Certification_Authority_RSA.pem
 c01eb047.0                                                        Starfield_Class_2_CA.pem
 c0fb5232.0                                                        Starfield_Root_Certificate_Authority_-_G2.pem
 c28a8a30.0                                                        Starfield_Services_Root_Certificate_Authority_-_G2.pem
 ca6e4ad9.0                                                        SwissSign_Gold_CA_-_G2.pem
 ca-certificates.crt                                               SwissSign_Silver_CA_-_G2.pem
 CA_Disig_Root_R2.pem                                              SZAFIR_ROOT_CA2.pem
 cbf06781.0                                                        Telia_Root_CA_v2.pem
 cc450945.0                                                        TeliaSonera_Root_CA_v1.pem
 cd58d51e.0                                                        Trustwave_Global_Certification_Authority.pem
 cd8c0d63.0                                                        Trustwave_Global_ECC_P256_Certification_Authority.pem
 ce5e74ef.0                                                        Trustwave_Global_ECC_P384_Certification_Authority.pem
 Certainly_Root_E1.pem                                             T-TeleSec_GlobalRoot_Class_2.pem
 Certainly_Root_R1.pem                                             T-TeleSec_GlobalRoot_Class_3.pem
 Certigna.pem                                                      TUBITAK_Kamu_SM_SSL_Kok_Sertifikasi_-_Surum_1.pem
 Certigna_Root_CA.pem                                              TunTrust_Root_CA.pem
 certSIGN_Root_CA_G2.pem                                           TWCA_Global_Root_CA.pem
 certSIGN_ROOT_CA.pem                                              TWCA_Root_Certification_Authority.pem
 Certum_EC-384_CA.pem                                              UCA_Extended_Validation_Root.pem
 Certum_Trusted_Network_CA_2.pem                                   UCA_Global_G2_Root.pem
 Certum_Trusted_Network_CA.pem                                     USERTrust_ECC_Certification_Authority.pem
 Certum_Trusted_Root_CA.pem                                        USERTrust_RSA_Certification_Authority.pem
 CFCA_EV_ROOT.pem                                                  vTrus_ECC_Root_CA.pem
 Comodo_AAA_Services_root.pem                                      vTrus_Root_CA.pem
 COMODO_Certification_Authority.pem                                XRamp_Global_CA_Root.pem
 COMODO_ECC_Certification_Authority.pem

./ssl/certs/java:
cacerts
ls: cannot open directory './ssl/private': Permission denied

./sudoers.d:
0pwfeedback  mintdrivers  mintupdate  README  zfs

./sysctl.d:
10-console-messages.conf  10-kernel-hardening.conf  10-network-security.conf  10-zeropage.conf  README.sysctl
10-ipv6-privacy.conf      10-magic-sysrq.conf       10-ptrace.conf            99-sysctl.conf

./systemd:
coredump.conf  logind.conf  networkd.conf  resolved.conf  system       system.conf.d   user
journald.conf  network      pstore.conf    sleep.conf     system.conf  timesyncd.conf  user.conf

./systemd/network:

./systemd/system:
bluetooth.target.wants                      display-manager.service        open-vm-tools.service.requires  timers.target.wants
dbus-fi.w1.wpa_supplicant1.service          display-manager.service.wants  paths.target.wants              vmtoolsd.service
dbus-org.bluez.service                      emergency.target.wants         printer.target.wants            zed.service
dbus-org.freedesktop.Avahi.service          final.target.wants             rescue.target.wants             zfs-import.target.wants
dbus-org.freedesktop.ModemManager1.service  getty.target.wants             sleep.target.wants              zfs-mount.service.wants
dbus-org.freedesktop.nm-dispatcher.service  graphical.target.wants         sockets.target.wants            zfs.target.wants
dbus-org.freedesktop.resolve1.service       multi-user.target.wants        sudo.service                    zfs-volumes.target.wants
dbus-org.freedesktop.thermald.service       network-online.target.wants    sysinit.target.wants
dbus-org.freedesktop.timesync1.service      oem-config.service.wants       syslog.service

./systemd/system/bluetooth.target.wants:
bluetooth.service

./systemd/system/display-manager.service.wants:
gpu-manager.service

./systemd/system/emergency.target.wants:
grub-initrd-fallback.service

./systemd/system/final.target.wants:
casper.service

./systemd/system/getty.target.wants:
getty@tty1.service

./systemd/system/graphical.target.wants:
accounts-daemon.service  switcheroo-control.service  udisks2.service

./systemd/system/multi-user.target.wants:
 anacron.service             dmesg.service                  mintsystem.service            rsyslog.service                     vboxadd.service
 avahi-daemon.service        dns-clean.service              ModemManager.service         'run-vmblock\x2dfuse.mount'          vboxadd-service.service
 blueman-mechanism.service   e2scrub_reap.service           networkd-dispatcher.service   secureboot-db.service               wpa_supplicant.service
 console-setup.service       grub-common.service            networking.service            systemd-resolved.service            zfs.target
 cron.service                grub-initrd-fallback.service   NetworkManager.service        thermald.service
 cups-browsed.service        irqbalance.service             open-vm-tools.service         touchegg.service
 cups.path                   kerneloops.service             openvpn.service               ubuntu-system-adjustments.service
 cups.service                lm-sensors.service             remote-fs.target              ufw.service

./systemd/system/network-online.target.wants:
networking.service  NetworkManager-wait-online.service

./systemd/system/oem-config.service.wants:
gpu-manager.service

./systemd/system/open-vm-tools.service.requires:
vgauth.service

./systemd/system/paths.target.wants:
acpid.path

./systemd/system/printer.target.wants:
cups.service

./systemd/system/rescue.target.wants:
grub-initrd-fallback.service

./systemd/system/sleep.target.wants:
grub-common.service  grub-initrd-fallback.service

./systemd/system/sockets.target.wants:
acpid.socket  avahi-daemon.socket  cups.socket  dm-event.socket  uuidd.socket

./systemd/system/sysinit.target.wants:
apparmor.service          finalrd.service         lvm2-lvmpolld.socket  setvtrgb.service        systemd-timesyncd.service
blk-availability.service  keyboard-setup.service  lvm2-monitor.service  systemd-pstore.service

./systemd/system/timers.target.wants:
anacron.timer    apt-daily-upgrade.timer  e2scrub_all.timer  fwupd-refresh.timer  man-db.timer     plocate-updatedb.timer
apt-daily.timer  dpkg-db-backup.timer     fstrim.timer       logrotate.timer      motd-news.timer

./systemd/system/zfs-import.target.wants:
zfs-import-cache.service

./systemd/system/zfs-mount.service.wants:
zfs-load-module.service

./systemd/system/zfs.target.wants:
zfs-import.target  zfs-load-module.service  zfs-mount.service  zfs-share.service  zfs-volumes.target  zfs-zed.service

./systemd/system/zfs-volumes.target.wants:
zfs-volume-wait.service

./systemd/system.conf.d:
50_linuxmint.conf

./systemd/user:
default.target.wants  graphical-session-pre.target.wants  sockets.target.wants

./systemd/user/default.target.wants:
pipewire.service  pulseaudio.service

./systemd/user/graphical-session-pre.target.wants:
gnome-keyring.service  session-migration.service  xdg-desktop-portal-rewrite-launchers.service

./systemd/user/sockets.target.wants:
dirmngr.socket            gpg-agent-extra.socket  gpg-agent-ssh.socket  pk-debconf-helper.socket  speech-dispatcher.socket
gpg-agent-browser.socket  gpg-agent.socket        pipewire.socket       pulseaudio.socket

./terminfo:
README

./thermald:
thermal-cpu-cdev-order.xml

./thunderbird:
syspref.js

./timeshift:
default.json  restore-hooks.d

./timeshift/restore-hooks.d:
50_linuxmint

./timidity:
timgm6mb.cfg

./tmpfiles.d:

./udev:
hwdb.d  rules.d  udev.conf

./udev/hwdb.d:

./udev/rules.d:
60-vboxadd.rules

./udisks2:
mount_options.conf.example  udisks2.conf

./ufw:
after6.rules  after.init  after.rules  applications.d  before6.rules  before.init  before.rules  sysctl.conf  ufw.conf  user6.rules  user.rules

./ufw/applications.d:
cups

./update-motd.d:
00-header  10-help-text  50-motd-news  85-fwupd

./UPower:
UPower.conf

./upstream-release:
lsb-release

./usb_modeswitch.d:

./vim:
vimrc  vimrc.tiny

./vmware-tools:
poweroff-vm-default  resume-vm-default  statechange.subr    tools.conf          vgauth       xautostart.conf
poweron-vm-default   scripts            suspend-vm-default  tools.conf.example  vgauth.conf

./vmware-tools/scripts:
vmware

./vmware-tools/scripts/vmware:
network

./vmware-tools/vgauth:
schemas

./vmware-tools/vgauth/schemas:
catalog.xml    saml-schema-assertion-2.0.xsd  xmldsig-core-schema.xsd  XMLSchema-hasFacetAndProperty.xsd  XMLSchema.xsd
datatypes.dtd  xenc-schema.xsd                XMLSchema.dtd            XMLSchema-instance.xsd             xml.xsd

./vulkan:
explicit_layer.d  icd.d  implicit_layer.d

./vulkan/explicit_layer.d:

./vulkan/icd.d:

./vulkan/implicit_layer.d:

./wpa_supplicant:
action_wpa.sh  functions.sh  ifupdown.sh

./X11:
app-defaults  default-display-manager  rgb.txt  xkb          Xreset    Xresources  Xsession.d        xsm         Xwrapper.config
cursors       fonts                    xinit    xorg.conf.d  Xreset.d  Xsession    Xsession.options  XvMCConfig

./X11/app-defaults:
Bitmap         Clock-color    Viewres        XCalc-color  XClock-color  Xditview-chrtr  Xfd       Xgc-color  XLogo-color  Xmessage        XSm
Bitmap-color   Editres        Viewres-color  XClipboard   XConsole      Xedit           XFontSel  XLoad      Xmag         Xmessage-color  Xvidtune
Bitmap-nocase  Editres-color  XCalc          XClock       Xditview      Xedit-color     Xgc       XLogo      Xman         XMore

./X11/cursors:
breeze_cursors.theme  Breeze_Snow.theme

./X11/fonts:
misc  Type1

./X11/fonts/misc:
xfonts-base.alias

./X11/fonts/Type1:
xfonts-scalable.scale

./X11/xinit:
xinitrc  xinputrc  xserverrc

./X11/xkb:

./X11/xorg.conf.d:

./X11/Xreset.d:
README

./X11/Xresources:
x11-common

./X11/Xsession.d:
20dbus_xdg-runtime         35x11-common_xhost-local        60x11-common_xdg_path  90atk-adaptor           90xbrlapi                     99qt5ct
20flatpak                  40x11-common_xsessionrc         70im-config_launch     90gpg-agent             95dbus_update-activation-env  99x11-common_start
20x11-common_process-args  50x11-common_determine-startup  75dbus_dbus-launch     90qt-a11y               98vboxadd-xclient
30x11-common_xresources    55cinnamon-session_gnomerc      80xapp-gtk3-module     90x11-common_ssh-agent  99mint

./X11/xsm:
system.xsm

./xdg:
autostart  menus  systemd  user-dirs.conf  user-dirs.defaults  xdg-default  xdg-default.desktop  xdg-xfce  Xwayland-session.d

./xdg/autostart:
at-spi-dbus-bus.desktop                               cinnamon-settings-daemon-wacom.desktop      org.gnome.SettingsDaemon.DiskUtilityNotify.desktop
blueman.desktop                                       cinnamon-settings-daemon-xsettings.desktop  polkit-gnome-authentication-agent-1.desktop
caribou-autostart.desktop                             geoclue-demo-agent.desktop                  polkit-mate-authentication-agent-1.desktop
cinnamon-settings-daemon-a11y-settings.desktop        gnome-keyring-pkcs11.desktop                print-applet.desktop
cinnamon-settings-daemon-automount.desktop            gnome-keyring-secrets.desktop               pulseaudio.desktop
cinnamon-settings-daemon-background.desktop           gnome-keyring-ssh.desktop                   sticky.desktop
cinnamon-settings-daemon-clipboard.desktop            im-launch.desktop                           touchegg.desktop
cinnamon-settings-daemon-color.desktop                mintreport.desktop                          user-dirs-update-gtk.desktop
cinnamon-settings-daemon-housekeeping.desktop         mintupdate.desktop                          vboxclient.desktop
cinnamon-settings-daemon-keyboard.desktop             mintwelcome.desktop                         vmware-user.desktop
cinnamon-settings-daemon-media-keys.desktop           nm-applet.desktop                           warpinator-autostart.desktop
cinnamon-settings-daemon-power.desktop                nvidia-prime.desktop                        xapp-sn-watcher.desktop
cinnamon-settings-daemon-print-notifications.desktop  onboard-autostart.desktop                   xdg-user-dirs.desktop
cinnamon-settings-daemon-screensaver-proxy.desktop    orca-autostart.desktop
cinnamon-settings-daemon-smartcard.desktop            org.gnome.Evolution-alarm-notify.desktop

./xdg/menus:
applications-merged         cinnamon-applications-merged  mate-applications.menu            mate-settings.menu
cinnamon-applications.menu  gnome-applications.menu       mate-preferences-categories.menu

./xdg/menus/applications-merged:
webapps.menu

./xdg/systemd:
user

./xdg/Xwayland-session.d:
00-at-spi  00-pulseaudio-x11

./xml:
catalog  catalog.old  docbook-xml.xml  docbook-xml.xml.old  sgml-data.xml  sgml-data.xml.old  xml-core.xml  xml-core.xml.old

./zfs:
zed.d  zfs-functions  zpool.d

./zfs/zed.d:
all-syslog.sh   history_event-zfs-list-cacher.sh  resilver_finish-notify.sh       scrub_finish-notify.sh  statechange-notify.sh  vdev_clear-led.sh  zed.rc
data-notify.sh  pool_import-led.sh                resilver_finish-start-scrub.sh  statechange-led.sh      vdev_attach-led.sh     zed-functions.sh

./zfs/zpool.d:
ata_err  dm-deps  fault_led  iostat      label       media   nvme_err  pwr_cyc   r_proc  ses   smart       temp           test_status  vendor
cmd_to   enc      health     iostat-10s  locate_led  model   off_ucor  realloc   r_ucor  size  smart_test  test_ended     test_type    w_proc
defect   encdev   hours_on   iostat-1s   lsblk       nonmed  pend_sec  rep_ucor  serial  slot  smartx      test_progress  upath        w_ucor
jh3v7t@jh3v7t-VirtualBox:/etc$ 